Component: ARM Compiler 5.06 update 4 (build 422) Tool: armlink [4d35d2]

==============================================================================

Section Cross References

    startup_stm32f107xc.o(STACK) refers (Special) to heapauxi.o(.text) for __use_two_region_memory
    startup_stm32f107xc.o(HEAP) refers (Special) to heapauxi.o(.text) for __use_two_region_memory
    startup_stm32f107xc.o(RESET) refers (Special) to heapauxi.o(.text) for __use_two_region_memory
    startup_stm32f107xc.o(RESET) refers to startup_stm32f107xc.o(STACK) for __initial_sp
    startup_stm32f107xc.o(RESET) refers to startup_stm32f107xc.o(.text) for Reset_Handler
    startup_stm32f107xc.o(RESET) refers to stm32f1xx_it.o(i.NMI_Handler) for NMI_Handler
    startup_stm32f107xc.o(RESET) refers to stm32f1xx_it.o(i.HardFault_Handler) for HardFault_Handler
    startup_stm32f107xc.o(RESET) refers to stm32f1xx_it.o(i.MemManage_Handler) for MemManage_Handler
    startup_stm32f107xc.o(RESET) refers to stm32f1xx_it.o(i.BusFault_Handler) for BusFault_Handler
    startup_stm32f107xc.o(RESET) refers to stm32f1xx_it.o(i.UsageFault_Handler) for UsageFault_Handler
    startup_stm32f107xc.o(RESET) refers to port.o(.emb_text) for SVC_Handler
    startup_stm32f107xc.o(RESET) refers to stm32f1xx_it.o(i.DebugMon_Handler) for DebugMon_Handler
    startup_stm32f107xc.o(RESET) refers to port.o(i.SysTick_Handler) for SysTick_Handler
    startup_stm32f107xc.o(RESET) refers to stm32f1xx_it.o(i.DMA1_Channel1_IRQHandler) for DMA1_Channel1_IRQHandler
    startup_stm32f107xc.o(RESET) refers to stm32f1xx_it.o(i.CAN1_RX0_IRQHandler) for CAN1_RX0_IRQHandler
    startup_stm32f107xc.o(RESET) refers to stm32f1xx_it.o(i.TIM1_UP_IRQHandler) for TIM1_UP_IRQHandler
    startup_stm32f107xc.o(RESET) refers to stm32f1xx_it.o(i.TIM2_IRQHandler) for TIM2_IRQHandler
    startup_stm32f107xc.o(RESET) refers to stm32f1xx_it.o(i.TIM3_IRQHandler) for TIM3_IRQHandler
    startup_stm32f107xc.o(RESET) refers to stm32f1xx_it.o(i.TIM4_IRQHandler) for TIM4_IRQHandler
    startup_stm32f107xc.o(RESET) refers to stm32f1xx_it.o(i.USART1_IRQHandler) for USART1_IRQHandler
    startup_stm32f107xc.o(.text) refers (Special) to heapauxi.o(.text) for __use_two_region_memory
    startup_stm32f107xc.o(.text) refers to system_stm32f1xx.o(i.SystemInit) for SystemInit
    startup_stm32f107xc.o(.text) refers to __main.o(!!!main) for __main
    startup_stm32f107xc.o(.text) refers to startup_stm32f107xc.o(HEAP) for Heap_Mem
    startup_stm32f107xc.o(.text) refers to startup_stm32f107xc.o(STACK) for Stack_Mem
    main.o(i.HAL_TIM_PeriodElapsedCallback) refers to stm32f1xx_hal.o(i.HAL_IncTick) for HAL_IncTick
    main.o(i.SystemClock_Config) refers to rt_memclr_w.o(.text) for __aeabi_memclr4
    main.o(i.SystemClock_Config) refers to stm32f1xx_hal_rcc.o(i.HAL_RCC_OscConfig) for HAL_RCC_OscConfig
    main.o(i.SystemClock_Config) refers to stm32f1xx_hal_rcc.o(i.HAL_RCC_ClockConfig) for HAL_RCC_ClockConfig
    main.o(i.SystemClock_Config) refers to stm32f1xx_hal_rcc_ex.o(i.HAL_RCCEx_PeriphCLKConfig) for HAL_RCCEx_PeriphCLKConfig
    main.o(i.main) refers to stm32f1xx_hal.o(i.HAL_Init) for HAL_Init
    main.o(i.main) refers to main.o(i.SystemClock_Config) for SystemClock_Config
    main.o(i.main) refers to gpio.o(i.MX_GPIO_Init) for MX_GPIO_Init
    main.o(i.main) refers to dma.o(i.MX_DMA_Init) for MX_DMA_Init
    main.o(i.main) refers to can.o(i.MX_CAN1_Init) for MX_CAN1_Init
    main.o(i.main) refers to adc.o(i.MX_ADC1_Init) for MX_ADC1_Init
    main.o(i.main) refers to tim.o(i.MX_TIM4_Init) for MX_TIM4_Init
    main.o(i.main) refers to usart.o(i.MX_USART1_UART_Init) for MX_USART1_UART_Init
    main.o(i.main) refers to iwdg.o(i.MX_IWDG_Init) for MX_IWDG_Init
    main.o(i.main) refers to i2c.o(i.MX_I2C1_Init) for MX_I2C1_Init
    main.o(i.main) refers to tim.o(i.MX_TIM2_Init) for MX_TIM2_Init
    main.o(i.main) refers to tim.o(i.MX_TIM3_Init) for MX_TIM3_Init
    main.o(i.main) refers to freertos.o(i.MX_FREERTOS_Init) for MX_FREERTOS_Init
    main.o(i.main) refers to cmsis_os.o(i.osKernelStart) for osKernelStart
    gpio.o(i.MX_GPIO_Init) refers to stm32f1xx_hal_gpio.o(i.HAL_GPIO_WritePin) for HAL_GPIO_WritePin
    gpio.o(i.MX_GPIO_Init) refers to stm32f1xx_hal_gpio.o(i.HAL_GPIO_Init) for HAL_GPIO_Init
    freertos.o(i.AreaCalTask) refers to cmsis_os.o(i.osDelay) for osDelay
    freertos.o(i.CanTask) refers to cmsis_os.o(i.osDelay) for osDelay
    freertos.o(i.DataCollectionTask) refers to cmsis_os.o(i.osDelay) for osDelay
    freertos.o(i.FeedDogTask) refers to stm32f1xx_hal_iwdg.o(i.HAL_IWDG_Refresh) for HAL_IWDG_Refresh
    freertos.o(i.FeedDogTask) refers to stm32f1xx_hal_gpio.o(i.HAL_GPIO_TogglePin) for HAL_GPIO_TogglePin
    freertos.o(i.FeedDogTask) refers to cmsis_os.o(i.osDelay) for osDelay
    freertos.o(i.FeedDogTask) refers to iwdg.o(.bss) for hiwdg
    freertos.o(i.LeftHeadSpeedControlTask) refers to cmsis_os.o(i.osDelay) for osDelay
[...]
    ..\Src\iwdg.c                            0x00000000   Number         0  iwdg.o ABSOLUTE
    ..\Src\main.c                            0x00000000   Number         0  main.o ABSOLUTE
    ..\Src\stm32f1xx_hal_msp.c               0x00000000   Number         0  stm32f1xx_hal_msp.o ABSOLUTE
    ..\Src\stm32f1xx_hal_timebase_tim.c      0x00000000   Number         0  stm32f1xx_hal_timebase_tim.o ABSOLUTE
    ..\Src\stm32f1xx_it.c                    0x00000000   Number         0  stm32f1xx_it.o ABSOLUTE
    ..\Src\system_stm32f1xx.c                0x00000000   Number         0  system_stm32f1xx.o ABSOLUTE
    ..\Src\tim.c                             0x00000000   Number         0  tim.o ABSOLUTE
    ..\Src\usart.c                           0x00000000   Number         0  usart.o ABSOLUTE
    dc.s                                     0x00000000   Number         0  dc.o ABSOLUTE
    startup_stm32f107xc.s                    0x00000000   Number         0  startup_stm32f107xc.o ABSOLUTE
    RESET                                    0x08000000   Section      336  startup_stm32f107xc.o(RESET)
    !!!main                                  0x08000150   Section        8  __main.o(!!!main)
    !!!scatter                               0x08000158   Section       52  __scatter.o(!!!scatter)
    !!handler_copy                           0x0800018c   Section       26  __scatter_copy.o(!!handler_copy)
    !!handler_zi                             0x080001a8   Section       28  __scatter_zi.o(!!handler_zi)
    .ARM.Collect$$libinit$$00000000          0x080001c4   Section        2  libinit.o(.ARM.Collect$$libinit$$00000000)
    .ARM.Collect$$libinit$$00000002          0x080001c6   Section        0  libinit2.o(.ARM.Collect$$libinit$$00000002)
    .ARM.Collect$$libinit$$00000004          0x080001c6   Section        0  libinit2.o(.ARM.Collect$$libinit$$00000004)
    .ARM.Collect$$libinit$$0000000A          0x080001c6   Section        0  libinit2.o(.ARM.Collect$$libinit$$0000000A)
    .ARM.Collect$$libinit$$0000000C          0x080001c6   Section        0  libinit2.o(.ARM.Collect$$libinit$$0000000C)
    .ARM.Collect$$libinit$$0000000E          0x080001c6   Section        0  libinit2.o(.ARM.Collect$$libinit$$0000000E)
    .ARM.Collect$$libinit$$00000011          0x080001c6   Section        0  libinit2.o(.ARM.Collect$$libinit$$00000011)
    .ARM.Collect$$libinit$$00000013          0x080001c6   Section        0  libinit2.o(.ARM.Collect$$libinit$$00000013)
    .ARM.Collect$$libinit$$00000015          0x080001c6   Section        0  libinit2.o(.ARM.Collect$$libinit$$00000015)
    .ARM.Collect$$libinit$$00000017          0x080001c6   Section        0  libinit2.o(.ARM.Collect$$libinit$$00000017)
    .ARM.Collect$$libinit$$00000019          0x080001c6   Section        0  libinit2.o(.ARM.Collect$$libinit$$00000019)
    .ARM.Collect$$libinit$$0000001B          0x080001c6   Section        0  libinit2.o(.ARM.Collect$$libinit$$0000001B)
    .ARM.Collect$$libinit$$0000001D          0x080001c6   Section        0  libinit2.o(.ARM.Collect$$libinit$$0000001D)
    .ARM.Collect$$libinit$$0000001F          0x080001c6   Section        0  libinit2.o(.ARM.Collect$$libinit$$0000001F)
    .ARM.Collect$$libinit$$00000021          0x080001c6   Section        0  libinit2.o(.ARM.Collect$$libinit$$00000021)
    .ARM.Collect$$libinit$$00000023          0x080001c6   Section        0  libinit2.o(.ARM.Collect$$libinit$$00000023)
    .ARM.Collect$$libinit$$00000025          0x080001c6   Section        0  libinit2.o(.ARM.Collect$$libinit$$00000025)
    .ARM.Collect$$libinit$$0000002C          0x080001c6   Section        0  libinit2.o(.ARM.Collect$$libinit$$0000002C)
    .ARM.Collect$$libinit$$0000002E          0x080001c6   Section        0  libinit2.o(.ARM.Collect$$libinit$$0000002E)
    .ARM.Collect$$libinit$$00000030          0x080001c6   Section        0  libinit2.o(.ARM.Collect$$libinit$$00000030)
    .ARM.Collect$$libinit$$00000032          0x080001c6   Section        0  libinit2.o(.ARM.Collect$$libinit$$00000032)
    .ARM.Collect$$libinit$$00000033          0x080001c6   Section        2  libinit2.o(.ARM.Collect$$libinit$$00000033)
    .ARM.Collect$$libshutdown$$00000000      0x080001c8   Section        2  libshutdown.o(.ARM.Collect$$libshutdown$$00000000)
    .ARM.Collect$$libshutdown$$00000002      0x080001ca   Section        0  libshutdown2.o(.ARM.Collect$$libshutdown$$00000002)
    .ARM.Collect$$libshutdown$$00000004      0x080001ca   Section        0  libshutdown2.o(.ARM.Collect$$libshutdown$$00000004)
    .ARM.Collect$$libshutdown$$00000007      0x080001ca   Section        0  libshutdown2.o(.ARM.Collect$$libshutdown$$00000007)
    .ARM.Collect$$libshutdown$$0000000A      0x080001ca   Section        0  libshutdown2.o(.ARM.Collect$$libshutdown$$0000000A)
    .ARM.Collect$$libshutdown$$0000000C      0x080001ca   Section        0  libshutdown2.o(.ARM.Collect$$libshutdown$$0000000C)
    .ARM.Collect$$libshutdown$$0000000F      0x080001ca   Section        0  libshutdown2.o(.ARM.Collect$$libshutdown$$0000000F)
    .ARM.Collect$$libshutdown$$00000010      0x080001ca   Section        2  libshutdown2.o(.ARM.Collect$$libshutdown$$00000010)
    .ARM.Collect$$rtentry$$00000000          0x080001cc   Section        0  __rtentry.o(.ARM.Collect$$rtentry$$00000000)
    .ARM.Collect$$rtentry$$00000002          0x080001cc   Section        0  __rtentry2.o(.ARM.Collect$$rtentry$$00000002)
    .ARM.Collect$$rtentry$$00000004          0x080001cc   Section        6  __rtentry4.o(.ARM.Collect$$rtentry$$00000004)
    .ARM.Collect$$rtentry$$00000009          0x080001d2   Section        0  __rtentry2.o(.ARM.Collect$$rtentry$$00000009)
    .ARM.Collect$$rtentry$$0000000A          0x080001d2   Section        4  __rtentry2.o(.ARM.Collect$$rtentry$$0000000A)
    .ARM.Collect$$rtentry$$0000000C          0x080001d6   Section        0  __rtentry2.o(.ARM.Collect$$rtentry$$0000000C)
    .ARM.Collect$$rtentry$$0000000D          0x080001d6   Section        8  __rtentry2.o(.ARM.Collect$$rtentry$$0000000D)
    .ARM.Collect$$rtexit$$00000000           0x080001de   Section        2  rtexit.o(.ARM.Collect$$rtexit$$00000000)
    .ARM.Collect$$rtexit$$00000002           0x080001e0   Section        0  rtexit2.o(.ARM.Collect$$rtexit$$00000002)
    .ARM.Collect$$rtexit$$00000003           0x080001e0   Section        4  rtexit2.o(.ARM.Collect$$rtexit$$00000003)
    .ARM.Collect$$rtexit$$00000004           0x080001e4   Section        6  rtexit2.o(.ARM.Collect$$rtexit$$00000004)
    .emb_text                                0x080001ec   Section      150  port.o(.emb_text)
    .text                                    0x08000284   Section       64  startup_stm32f107xc.o(.text)
    .text                                    0x080002c4   Section      238  lludivv7m.o(.text)
    .text                                    0x080003b2   Section      100  rt_memcpy_w.o(.text)
    .text                                    0x08000416   Section       78  rt_memclr_w.o(.text)
    .text                                    0x08000464   Section        0  heapauxi.o(.text)
    .text                                    0x0800046a   Section       74  sys_stackheap_outer.o(.text)
    .text                                    0x080004b4   Section        0  exit.o(.text)
    .text                                    0x080004c8   Section        8  libspace.o(.text)
    .text                                    0x080004d0   Section        0  sys_exit.o(.text)
    .text                                    0x080004dc   Section        2  use_no_semi.o(.text)
    .text                                    0x080004de   Section        0  indicate_semi.o(.text)
    i.ADC_ConversionStop_Disable             0x080004e0   Section        0  stm32f1xx_hal_adc.o(i.ADC_ConversionStop_Disable)
    i.AreaCalTask                            0x0800052c   Section        0  freertos.o(i.AreaCalTask)
    i.BusFault_Handler                       0x08000538   Section        0  stm32f1xx_it.o(i.BusFault_Handler)
    i.CAN1_RX0_IRQHandler                    0x0800053c   Section        0  stm32f1xx_it.o(i.CAN1_RX0_IRQHandler)
    i.CanTask                                0x08000548   Section        0  freertos.o(i.CanTask)
    i.DMA1_Channel1_IRQHandler               0x08000554   Section        0  stm32f1xx_it.o(i.DMA1_Channel1_IRQHandler)
    i.DataCollectionTask                     0x08000560   Section        0  freertos.o(i.DataCollectionTask)
    i.DebugMon_Handler                       0x0800056c   Section        0  stm32f1xx_it.o(i.DebugMon_Handler)
    i.Error_Handler                          0x0800056e   Section        0  main.o(i.Error_Handler)
    i.FeedDogTask                            0x08000570   Section        0  freertos.o(i.FeedDogTask)
    i.HAL_ADC_ConfigChannel                  0x08000594   Section        0  stm32f1xx_hal_adc.o(i.HAL_ADC_ConfigChannel)
    i.HAL_ADC_Init                           0x08000690   Section        0  stm32f1xx_hal_adc.o(i.HAL_ADC_Init)
    i.HAL_ADC_MspInit                        0x080007ac   Section        0  adc.o(i.HAL_ADC_MspInit)
    i.HAL_CAN_ErrorCallback                  0x08000860   Section        0  stm32f1xx_hal_can.o(i.HAL_CAN_ErrorCallback)
    i.HAL_CAN_IRQHandler                     0x08000862   Section        0  stm32f1xx_hal_can.o(i.HAL_CAN_IRQHandler)
    i.HAL_CAN_Init                           0x08000a5e   Section        0  stm32f1xx_hal_can.o(i.HAL_CAN_Init)
    i.HAL_CAN_MspInit                        0x08000b78   Section        0  can.o(i.HAL_CAN_MspInit)
    i.HAL_CAN_RxFifo0FullCallback            0x08000bf4   Section        0  stm32f1xx_hal_can.o(i.HAL_CAN_RxFifo0FullCallback)
    i.HAL_CAN_RxFifo0MsgPendingCallback      0x08000bf6   Section        0  stm32f1xx_hal_can.o(i.HAL_CAN_RxFifo0MsgPendingCallback)
    i.HAL_CAN_RxFifo1FullCallback            0x08000bf8   Section        0  stm32f1xx_hal_can.o(i.HAL_CAN_RxFifo1FullCallback)
    i.HAL_CAN_RxFifo1MsgPendingCallback      0x08000bfa   Section        0  stm32f1xx_hal_can.o(i.HAL_CAN_RxFifo1MsgPendingCallback)
    i.HAL_CAN_SleepCallback                  0x08000bfc   Section        0  stm32f1xx_hal_can.o(i.HAL_CAN_SleepCallback)
    i.HAL_CAN_TxMailbox0AbortCallback        0x08000bfe   Section        0  stm32f1xx_hal_can.o(i.HAL_CAN_TxMailbox0AbortCallback)
    i.HAL_CAN_TxMailbox0CompleteCallback     0x08000c00   Section        0  stm32f1xx_hal_can.o(i.HAL_CAN_TxMailbox0CompleteCallback)
    i.HAL_CAN_TxMailbox1AbortCallback        0x08000c02   Section        0  stm32f1xx_hal_can.o(i.HAL_CAN_TxMailbox1AbortCallback)
    i.HAL_CAN_TxMailbox1CompleteCallback     0x08000c04   Section        0  stm32f1xx_hal_can.o(i.HAL_CAN_TxMailbox1CompleteCallback)
    i.HAL_CAN_TxMailbox2AbortCallback        0x08000c06   Section        0  stm32f1xx_hal_can.o(i.HAL_CAN_TxMailbox2AbortCallback)
    i.HAL_CAN_TxMailbox2CompleteCallback     0x08000c08   Section        0  stm32f1xx_hal_can.o(i.HAL_CAN_TxMailbox2CompleteCallback)
    i.HAL_CAN_WakeUpFromRxMsgCallback        0x08000c0a   Section        0  stm32f1xx_hal_can.o(i.HAL_CAN_WakeUpFromRxMsgCallback)
    i.HAL_DMA_Abort_IT                       0x08000c0c   Section        0  stm32f1xx_hal_dma.o(i.HAL_DMA_Abort_IT)
    i.HAL_DMA_IRQHandler                     0x08000d3c   Section        0  stm32f1xx_hal_dma.o(i.HAL_DMA_IRQHandler)
    i.HAL_DMA_Init                           0x08000f84   Section        0  stm32f1xx_hal_dma.o(i.HAL_DMA_Init)
    i.HAL_GPIO_Init                          0x08001000   Section        0  stm32f1xx_hal_gpio.o(i.HAL_GPIO_Init)
    i.HAL_GPIO_TogglePin                     0x080011e0   Section        0  stm32f1xx_hal_gpio.o(i.HAL_GPIO_TogglePin)
    i.HAL_GPIO_WritePin                      0x080011ee   Section        0  stm32f1xx_hal_gpio.o(i.HAL_GPIO_WritePin)
    i.HAL_GetTick                            0x080011f8   Section        0  stm32f1xx_hal.o(i.HAL_GetTick)
    i.HAL_I2C_Init                           0x08001204   Section        0  stm32f1xx_hal_i2c.o(i.HAL_I2C_Init)
    i.HAL_I2C_MspInit                        0x08001378   Section        0  i2c.o(i.HAL_I2C_MspInit)
    i.HAL_IWDG_Init                          0x080013d4   Section        0  stm32f1xx_hal_iwdg.o(i.HAL_IWDG_Init)
    i.HAL_IWDG_Refresh                       0x08001426   Section        0  stm32f1xx_hal_iwdg.o(i.HAL_IWDG_Refresh)
    i.HAL_IncTick                            0x08001434   Section        0  stm32f1xx_hal.o(i.HAL_IncTick)
    i.HAL_Init                               0x08001444   Section        0  stm32f1xx_hal.o(i.HAL_Init)
    i.HAL_InitTick                           0x08001468   Section        0  stm32f1xx_hal_timebase_tim.o(i.HAL_InitTick)
    i.HAL_MspInit                            0x080014dc   Section        0  stm32f1xx_hal_msp.o(i.HAL_MspInit)
    i.HAL_NVIC_EnableIRQ                     0x08001524   Section        0  stm32f1xx_hal_cortex.o(i.HAL_NVIC_EnableIRQ)
    i.HAL_NVIC_SetPriority                   0x08001540   Section        0  stm32f1xx_hal_cortex.o(i.HAL_NVIC_SetPriority)
    i.HAL_NVIC_SetPriorityGrouping           0x08001580   Section        0  stm32f1xx_hal_cortex.o(i.HAL_NVIC_SetPriorityGrouping)
    i.HAL_RCCEx_PeriphCLKConfig              0x080015a4   Section        0  stm32f1xx_hal_rcc_ex.o(i.HAL_RCCEx_PeriphCLKConfig)
    i.HAL_RCC_ClockConfig                    0x0800172c   Section        0  stm32f1xx_hal_rcc.o(i.HAL_RCC_ClockConfig)
    i.HAL_RCC_GetClockConfig                 0x08001858   Section        0  stm32f1xx_hal_rcc.o(i.HAL_RCC_GetClockConfig)
    i.HAL_RCC_GetPCLK1Freq                   0x08001898   Section        0  stm32f1xx_hal_rcc.o(i.HAL_RCC_GetPCLK1Freq)
    i.HAL_RCC_GetPCLK2Freq                   0x080018b8   Section        0  stm32f1xx_hal_rcc.o(i.HAL_RCC_GetPCLK2Freq)
    i.HAL_RCC_GetSysClockFreq                0x080018d8   Section        0  stm32f1xx_hal_rcc.o(i.HAL_RCC_GetSysClockFreq)
    i.HAL_RCC_OscConfig                      0x0800199c   Section        0  stm32f1xx_hal_rcc.o(i.HAL_RCC_OscConfig)
    i.HAL_TIMEx_BreakCallback                0x08001d80   Section        0  stm32f1xx_hal_tim_ex.o(i.HAL_TIMEx_BreakCallback)
    i.HAL_TIMEx_CommutCallback               0x08001d82   Section        0  stm32f1xx_hal_tim_ex.o(i.HAL_TIMEx_CommutCallback)
    i.HAL_TIMEx_MasterConfigSynchronization  0x08001d84   Section        0  stm32f1xx_hal_tim_ex.o(i.HAL_TIMEx_MasterConfigSynchronization)
    i.HAL_TIM_Base_Init                      0x08001dc6   Section        0  stm32f1xx_hal_tim.o(i.HAL_TIM_Base_Init)
    i.HAL_TIM_Base_MspInit                   0x08001dfc   Section        0  tim.o(i.HAL_TIM_Base_MspInit)
    i.HAL_TIM_Base_Start_IT                  0x08001e84   Section        0  stm32f1xx_hal_tim.o(i.HAL_TIM_Base_Start_IT)
    i.HAL_TIM_ConfigClockSource              0x08001ea6   Section        0  stm32f1xx_hal_tim.o(i.HAL_TIM_ConfigClockSource)
    i.HAL_TIM_IC_CaptureCallback             0x08001f7c   Section        0  stm32f1xx_hal_tim.o(i.HAL_TIM_IC_CaptureCallback)
    i.HAL_TIM_IRQHandler                     0x08001f7e   Section        0  stm32f1xx_hal_tim.o(i.HAL_TIM_IRQHandler)
    i.HAL_TIM_OC_DelayElapsedCallback        0x080020e4   Section        0  stm32f1xx_hal_tim.o(i.HAL_TIM_OC_DelayElapsedCallback)
    i.HAL_TIM_PWM_PulseFinishedCallback      0x080020e6   Section        0  stm32f1xx_hal_tim.o(i.HAL_TIM_PWM_PulseFinishedCallback)
    i.HAL_TIM_PeriodElapsedCallback          0x080020e8   Section        0  main.o(i.HAL_TIM_PeriodElapsedCallback)
    i.HAL_TIM_TriggerCallback                0x080020fc   Section        0  stm32f1xx_hal_tim.o(i.HAL_TIM_TriggerCallback)
    i.HAL_UART_ErrorCallback                 0x080020fe   Section        0  stm32f1xx_hal_uart.o(i.HAL_UART_ErrorCallback)
    i.HAL_UART_IRQHandler                    0x08002100   Section        0  stm32f1xx_hal_uart.o(i.HAL_UART_IRQHandler)
    i.HAL_UART_Init                          0x08002210   Section        0  stm32f1xx_hal_uart.o(i.HAL_UART_Init)
    i.HAL_UART_MspInit                       0x08002274   Section        0  usart.o(i.HAL_UART_MspInit)
    i.HAL_UART_RxCpltCallback                0x080022f4   Section        0  stm32f1xx_hal_uart.o(i.HAL_UART_RxCpltCallback)
    i.HAL_UART_TxCpltCallback                0x080022f6   Section        0  stm32f1xx_hal_uart.o(i.HAL_UART_TxCpltCallback)
    i.HardFault_Handler                      0x080022f8   Section        0  stm32f1xx_it.o(i.HardFault_Handler)
    i.LeftHeadSpeedControlTask               0x080022fa   Section        0  freertos.o(i.LeftHeadSpeedControlTask)
    i.MX_ADC1_Init                           0x08002308   Section        0  adc.o(i.MX_ADC1_Init)
    i.MX_CAN1_Init                           0x080023dc   Section        0  can.o(i.MX_CAN1_Init)
    i.MX_DMA_Init                            0x08002424   Section        0  dma.o(i.MX_DMA_Init)
    i.MX_FREERTOS_Init                       0x08002450   Section        0  freertos.o(i.MX_FREERTOS_Init)
    i.MX_GPIO_Init                           0x08002528   Section        0  gpio.o(i.MX_GPIO_Init)
    i.MX_I2C1_Init                           0x08002668   Section        0  i2c.o(i.MX_I2C1_Init)
    i.MX_IWDG_Init                           0x080026a8   Section        0  iwdg.o(i.MX_IWDG_Init)
    i.MX_TIM2_Init                           0x080026d4   Section        0  tim.o(i.MX_TIM2_Init)
    i.MX_TIM3_Init                           0x08002738   Section        0  tim.o(i.MX_TIM3_Init)
    i.MX_TIM4_Init                           0x080027a0   Section        0  tim.o(i.MX_TIM4_Init)
    i.MX_USART1_UART_Init                    0x08002808   Section        0  usart.o(i.MX_USART1_UART_Init)
    i.MemManage_Handler                      0x08002840   Section        0  stm32f1xx_it.o(i.MemManage_Handler)
    i.NMI_Handler                            0x08002842   Section        0  stm32f1xx_it.o(i.NMI_Handler)
    i.RightHeadSpeedControlTask              0x08002844   Section        0  freertos.o(i.RightHeadSpeedControlTask)
    i.SmoothTask                             0x08002850   Section        0  freertos.o(i.SmoothTask)
    i.StartDefaultTask                       0x0800285c   Section        0  freertos.o(i.StartDefaultTask)
    i.SysTick_Handler                        0x08002868   Section        0  port.o(i.SysTick_Handler)
    i.SystemClock_Config                     0x08002894   Section        0  main.o(i.SystemClock_Config)
    i.SystemInit                             0x08002914   Section        0  system_stm32f1xx.o(i.SystemInit)
    i.TIM1_UP_IRQHandler                     0x08002968   Section        0  stm32f1xx_it.o(i.TIM1_UP_IRQHandler)
    i.TIM2_IRQHandler                        0x08002974   Section        0  stm32f1xx_it.o(i.TIM2_IRQHandler)
    i.TIM3_IRQHandler                        0x08002980   Section        0  stm32f1xx_it.o(i.TIM3_IRQHandler)
    i.TIM4_IRQHandler                        0x0800298c   Section        0  stm32f1xx_it.o(i.TIM4_IRQHandler)
    i.TIM_Base_SetConfig                     0x08002998   Section        0  stm32f1xx_hal_tim.o(i.TIM_Base_SetConfig)
    i.TIM_ETR_SetConfig                      0x08002a14   Section        0  stm32f1xx_hal_tim.o(i.TIM_ETR_SetConfig)
    i.TIM_ITRx_SetConfig                     0x08002a28   Section        0  stm32f1xx_hal_tim.o(i.TIM_ITRx_SetConfig)
    TIM_ITRx_SetConfig                       0x08002a29   Thumb Code    16  stm32f1xx_hal_tim.o(i.TIM_ITRx_SetConfig)
    i.TIM_TI1_ConfigInputStage               0x08002a38   Section        0  stm32f1xx_hal_tim.o(i.TIM_TI1_ConfigInputStage)
    TIM_TI1_ConfigInputStage                 0x08002a39   Thumb Code    34  stm32f1xx_hal_tim.o(i.TIM_TI1_ConfigInputStage)
    i.TIM_TI2_ConfigInputStage               0x08002a5a   Section        0  stm32f1xx_hal_tim.o(i.TIM_TI2_ConfigInputStage)
    TIM_TI2_ConfigInputStage                 0x08002a5b   Thumb Code    36  stm32f1xx_hal_tim.o(i.TIM_TI2_ConfigInputStage)
    i.UART_DMAAbortOnError                   0x08002a7e   Section        0  stm32f1xx_hal_uart.o(i.UART_DMAAbortOnError)
    UART_DMAAbortOnError                     0x08002a7f   Thumb Code    16  stm32f1xx_hal_uart.o(i.UART_DMAAbortOnError)
    i.UART_EndRxTransfer                     0x08002a8e   Section        0  stm32f1xx_hal_uart.o(i.UART_EndRxTransfer)
    UART_EndRxTransfer                       0x08002a8f   Thumb Code    28  stm32f1xx_hal_uart.o(i.UART_EndRxTransfer)
    i.UART_Receive_IT                        0x08002aaa   Section        0  stm32f1xx_hal_uart.o(i.UART_Receive_IT)
    UART_Receive_IT                          0x08002aab   Thumb Code   150  stm32f1xx_hal_uart.o(i.UART_Receive_IT)
    i.UART_SetConfig                         0x08002b40   Section        0  stm32f1xx_hal_uart.o(i.UART_SetConfig)
    UART_SetConfig                           0x08002b41   Thumb Code   178  stm32f1xx_hal_uart.o(i.UART_SetConfig)
    i.UART_Transmit_IT                       0x08002bf8   Section        0  stm32f1xx_hal_uart.o(i.UART_Transmit_IT)
    UART_Transmit_IT                         0x08002bf9   Thumb Code    98  stm32f1xx_hal_uart.o(i.UART_Transmit_IT)
    i.USART1_IRQHandler                      0x08002c5c   Section        0  stm32f1xx_it.o(i.USART1_IRQHandler)
    i.UsageFault_Handler                     0x08002c68   Section        0  stm32f1xx_it.o(i.UsageFault_Handler)
    i.WalkSpeedControlTask                   0x08002c6a   Section        0  freertos.o(i.WalkSpeedControlTask)
    i.__NVIC_SetPriority                     0x08002c76   Section        0  stm32f1xx_hal_cortex.o(i.__NVIC_SetPriority)
    __NVIC_SetPriority                       0x08002c77   Thumb Code    32  stm32f1xx_hal_cortex.o(i.__NVIC_SetPriority)
    i.main                                   0x08002c96   Section        0  main.o(i.main)
    i.makeFreeRtosPriority                   0x08002cd0   Section        0  cmsis_os.o(i.makeFreeRtosPriority)
    makeFreeRtosPriority                     0x08002cd1   Thumb Code    12  cmsis_os.o(i.makeFreeRtosPriority)
    i.osDelay                                0x08002cdc   Section        0  cmsis_os.o(i.osDelay)
    i.osKernelStart                          0x08002cea   Section        0  cmsis_os.o(i.osKernelStart)
    i.osThreadCreate                         0x08002cf4   Section        0  cmsis_os.o(i.osThreadCreate)
    i.prvAddCurrentTaskToDelayedList         0x08002d24   Section        0  tasks.o(i.prvAddCurrentTaskToDelayedList)
    prvAddCurrentTaskToDelayedList           0x08002d25   Thumb Code   102  tasks.o(i.prvAddCurrentTaskToDelayedList)
    i.prvAddNewTaskToReadyList               0x08002d94   Section        0  tasks.o(i.prvAddNewTaskToReadyList)
    prvAddNewTaskToReadyList                 0x08002d95   Thumb Code   194  tasks.o(i.prvAddNewTaskToReadyList)
    i.prvDeleteTCB                           0x08002e64   Section        0  tasks.o(i.prvDeleteTCB)
    prvDeleteTCB                             0x08002e65   Thumb Code    20  tasks.o(i.prvDeleteTCB)
    i.prvHeapInit                            0x08002e78   Section        0  heap_4.o(i.prvHeapInit)
    prvHeapInit                              0x08002e79   Thumb Code    66  heap_4.o(i.prvHeapInit)
    i.prvIdleTask                            0x08002ec4   Section        0  tasks.o(i.prvIdleTask)
    prvIdleTask                              0x08002ec5   Thumb Code    82  tasks.o(i.prvIdleTask)
    i.prvInitialiseNewTask                   0x08002f24   Section        0  tasks.o(i.prvInitialiseNewTask)
    prvInitialiseNewTask                     0x08002f25   Thumb Code   142  tasks.o(i.prvInitialiseNewTask)
    i.prvInsertBlockIntoFreeList             0x08002fb4   Section        0  heap_4.o(i.prvInsertBlockIntoFreeList)
    prvInsertBlockIntoFreeList               0x08002fb5   Thumb Code    72  heap_4.o(i.prvInsertBlockIntoFreeList)
    i.prvResetNextTaskUnblockTime            0x08003000   Section        0  tasks.o(i.prvResetNextTaskUnblockTime)
    prvResetNextTaskUnblockTime              0x08003001   Thumb Code    26  tasks.o(i.prvResetNextTaskUnblockTime)
    i.prvTaskExitError                       0x08003020   Section        0  port.o(i.prvTaskExitError)
    prvTaskExitError                         0x08003021   Thumb Code    36  port.o(i.prvTaskExitError)
    i.pvPortMalloc                           0x08003048   Section        0  heap_4.o(i.pvPortMalloc)
    i.pxPortInitialiseStack                  0x08003120   Section        0  port.o(i.pxPortInitialiseStack)
    i.uxListRemove                           0x08003144   Section        0  list.o(i.uxListRemove)
    i.vListInitialise                        0x0800316a   Section        0  list.o(i.vListInitialise)
    i.vListInitialiseItem                    0x08003180   Section        0  list.o(i.vListInitialiseItem)
    i.vListInsert                            0x08003186   Section        0  list.o(i.vListInsert)
    i.vListInsertEnd                         0x080031b6   Section        0  list.o(i.vListInsertEnd)
    i.vPortEnterCritical                     0x080031d0   Section        0  port.o(i.vPortEnterCritical)
    i.vPortExitCritical                      0x08003210   Section        0  port.o(i.vPortExitCritical)
    i.vPortFree                              0x08003238   Section        0  heap_4.o(i.vPortFree)
    i.vPortSetupTimerInterrupt               0x08003294   Section        0  port.o(i.vPortSetupTimerInterrupt)
    i.vTaskDelay                             0x080032b8   Section        0  tasks.o(i.vTaskDelay)
    i.vTaskStartScheduler                    0x08003304   Section        0  tasks.o(i.vTaskStartScheduler)
    i.vTaskSuspendAll                        0x0800336c   Section        0  tasks.o(i.vTaskSuspendAll)
    i.vTaskSwitchContext                     0x0800337c   Section        0  tasks.o(i.vTaskSwitchContext)
    i.xPortStartScheduler                    0x080033d8   Section        0  port.o(i.xPortStartScheduler)
    i.xTaskCreate                            0x08003480   Section        0  tasks.o(i.xTaskCreate)
    i.xTaskIncrementTick                     0x080034d8   Section        0  tasks.o(i.xTaskIncrementTick)
    i.xTaskResumeAll                         0x080035a0   Section        0  tasks.o(i.xTaskResumeAll)
    .constdata                               0x08003664   Section      180  freertos.o(.constdata)
    .constdata                               0x08003718   Section       16  system_stm32f1xx.o(.constdata)
    .constdata                               0x08003728   Section        8  system_stm32f1xx.o(.constdata)
    .conststring                             0x08003730   Section      129  freertos.o(.conststring)
    .data                                    0x20000000   Section       36  freertos.o(.data)
    .data                                    0x20000024   Section       12  stm32f1xx_hal.o(.data)
    .data                                    0x20000030   Section        4  system_stm32f1xx.o(.data)
    .data                                    0x20000034   Section       60  tasks.o(.data)
    pxDelayedTaskList                        0x20000038   Data           4  tasks.o(.data)
    pxOverflowDelayedTaskList                0x2000003c   Data           4  tasks.o(.data)
    uxDeletedTasksWaitingCleanUp             0x20000040   Data           4  tasks.o(.data)
    uxCurrentNumberOfTasks                   0x20000044   Data           4  tasks.o(.data)
    xTickCount                               0x20000048   Data           4  tasks.o(.data)
    uxTopReadyPriority                       0x2000004c   Data           4  tasks.o(.data)
    xSchedulerRunning                        0x20000050   Data           4  tasks.o(.data)
    uxPendedTicks                            0x20000054   Data           4  tasks.o(.data)
    xYieldPending                            0x20000058   Data           4  tasks.o(.data)
    xNumOfOverflows                          0x2000005c   Data           4  tasks.o(.data)
    uxTaskNumber                             0x20000060   Data           4  tasks.o(.data)
    xNextTaskUnblockTime                     0x20000064   Data           4  tasks.o(.data)
    xIdleTaskHandle                          0x20000068   Data           4  tasks.o(.data)
    uxSchedulerSuspended                     0x2000006c   Data           4  tasks.o(.data)
    .data                                    0x20000070   Section       24  heap_4.o(.data)
    pxEnd                                    0x20000070   Data           4  heap_4.o(.data)
    xFreeBytesRemaining                      0x20000074   Data           4  heap_4.o(.data)
    xMinimumEverFreeBytesRemaining           0x20000078   Data           4  heap_4.o(.data)
    xBlockAllocatedBit                       0x2000007c   Data           4  heap_4.o(.data)
    xStart                                   0x20000080   Data           8  heap_4.o(.data)
    .data                                    0x20000088   Section       12  port.o(.data)
    ucMaxSysCallPriority                     0x20000088   Data           1  port.o(.data)
    uxCriticalNesting                        0x2000008c   Data           4  port.o(.data)
    ulMaxPRIGROUPValue                       0x20000090   Data           4  port.o(.data)
    .bss                                     0x20000094   Section      116  adc.o(.bss)
    .bss                                     0x20000108   Section       40  can.o(.bss)
    .bss                                     0x20000130   Section       84  i2c.o(.bss)
    .bss                                     0x20000184   Section       12  iwdg.o(.bss)
    .bss                                     0x20000190   Section      192  tim.o(.bss)
    .bss                                     0x20000250   Section       64  usart.o(.bss)
    .bss                                     0x20000290   Section       64  stm32f1xx_hal_timebase_tim.o(.bss)
    .bss                                     0x200002d0   Section      240  tasks.o(.bss)
    pxReadyTasksLists                        0x200002d0   Data         140  tasks.o(.bss)
    xDelayedTaskList1                        0x2000035c   Data          20  tasks.o(.bss)
    xDelayedTaskList2                        0x20000370   Data          20  tasks.o(.bss)
    xPendingReadyList                        0x20000384   Data          20  tasks.o(.bss)
    xTasksWaitingTermination                 0x20000398   Data          20  tasks.o(.bss)
    xSuspendedTaskList                       0x200003ac   Data          20  tasks.o(.bss)
    .bss                                     0x200003c0   Section     8192  heap_4.o(.bss)
    ucHeap                                   0x200003c0   Data        8192  heap_4.o(.bss)
    .bss                                     0x200023c0   Section       96  libspace.o(.bss)
    HEAP                                     0x20002420   Section      512  startup_stm32f107xc.o(HEAP)
    Heap_Mem                                 0x20002420   Data         512  startup_stm32f107xc.o(HEAP)
    STACK                                    0x20002620   Section     1024  startup_stm32f107xc.o(STACK)
    Stack_Mem                                0x20002620   Data        1024  startup_stm32f107xc.o(STACK)
    __initial_sp                             0x20002a20   Data           0  startup_stm32f107xc.o(STACK)

    Global Symbols

    Symbol Name                              Value     Ov Type        Size  Object(Section)

    BuildAttributes$$THM_ISAv4$P$D$K$B$S$PE$A:L22UL41UL21$X:L11$S22US41US21$IEEE1$IW$USESV6$~STKCKD$USESV7$~SHL$OSPACE$ROPI$EBA8$UX$STANDARDLIB$REQ8$PRES8$EABIv2 0x00000000   Number         0  anon$$obj.o ABSOLUTE
    __ARM_use_no_argv                        0x00000000   Number         0  main.o ABSOLUTE
    __ARM_exceptions_init                     - Undefined Weak Reference
    __alloca_initialize                       - Undefined Weak Reference
    __arm_preinit_                            - Undefined Weak Reference
    __cpp_initialize__aeabi_                  - Undefined Weak Reference
    __cxa_finalize                            - Undefined Weak Reference
    __rt_locale                               - Undefined Weak Reference
    __sigvec_lookup                           - Undefined Weak Reference
    _atexit_init                              - Undefined Weak Reference
    _call_atexit_fns                          - Undefined Weak Reference
    _clock_init                               - Undefined Weak Reference
    _fp_trap_init                             - Undefined Weak Reference
    _fp_trap_shutdown                         - Undefined Weak Reference
    _get_lc_collate                           - Undefined Weak Reference
    _get_lc_ctype                             - Undefined Weak Reference
    _get_lc_monetary                          - Undefined Weak Reference
    _get_lc_numeric                           - Undefined Weak Reference
    _get_lc_time                              - Undefined Weak Reference
    _getenv_init                              - Undefined Weak Reference
    _handle_redirection                       - Undefined Weak Reference
    _init_alloc                               - Undefined Weak Reference
    _init_user_alloc                          - Undefined Weak Reference
    _initio                                   - Undefined Weak Reference
    _rand_init                                - Undefined Weak Reference
    _signal_finish                            - Undefined Weak Reference
    _signal_init                              - Undefined Weak Reference
    _terminate_alloc                          - Undefined Weak Reference
    _terminate_user_alloc                     - Undefined Weak Reference
    _terminateio                              - Undefined Weak Reference
    __Vectors_Size                           0x00000150   Number         0  startup_stm32f107xc.o ABSOLUTE
    __Vectors                                0x08000000   Data           4  startup_stm32f107xc.o(RESET)
    __Vectors_End                            0x08000150   Data           0  startup_stm32f107xc.o(RESET)
    __main                                   0x08000151   Thumb Code     8  __main.o(!!!main)
    __scatterload                            0x08000159   Thumb Code     0  __scatter.o(!!!scatter)
    __scatterload_rt2                        0x08000159   Thumb Code    44  __scatter.o(!!!scatter)
    __scatterload_rt2_thumb_only             0x08000159   Thumb Code     0  __scatter.o(!!!scatter)
    __scatterload_null                       0x08000167   Thumb Code     0  __scatter.o(!!!scatter)
    __scatterload_copy                       0x0800018d   Thumb Code    26  __scatter_copy.o(!!handler_copy)
    __scatterload_zeroinit                   0x080001a9   Thumb Code    28  __scatter_zi.o(!!handler_zi)
    __rt_lib_init                            0x080001c5   Thumb Code     0  libinit.o(.ARM.Collect$$libinit$$00000000)
    __rt_lib_init_alloca_1                   0x080001c7   Thumb Code     0  libinit2.o(.ARM.Collect$$libinit$$0000002E)
    __rt_lib_init_argv_1                     0x080001c7   Thumb Code     0  libinit2.o(.ARM.Collect$$libinit$$0000002C)
    __rt_lib_init_atexit_1                   0x080001c7   Thumb Code     0  libinit2.o(.ARM.Collect$$libinit$$0000001B)
    __rt_lib_init_clock_1                    0x080001c7   Thumb Code     0  libinit2.o(.ARM.Collect$$libinit$$00000021)
    __rt_lib_init_cpp_1                      0x080001c7   Thumb Code     0  libinit2.o(.ARM.Collect$$libinit$$00000032)
    __rt_lib_init_exceptions_1               0x080001c7   Thumb Code     0  libinit2.o(.ARM.Collect$$libinit$$00000030)
    __rt_lib_init_fp_1                       0x080001c7   Thumb Code     0  libinit2.o(.ARM.Collect$$libinit$$00000002)
    __rt_lib_init_fp_trap_1                  0x080001c7   Thumb Code     0  libinit2.o(.ARM.Collect$$libinit$$0000001F)
    __rt_lib_init_getenv_1                   0x080001c7   Thumb Code     0  libinit2.o(.ARM.Collect$$libinit$$00000023)
    __rt_lib_init_heap_1                     0x080001c7   Thumb Code     0  libinit2.o(.ARM.Collect$$libinit$$0000000A)
    __rt_lib_init_lc_collate_1               0x080001c7   Thumb Code     0  libinit2.o(.ARM.Collect$$libinit$$00000011)
    __rt_lib_init_lc_ctype_1                 0x080001c7   Thumb Code     0  libinit2.o(.ARM.Collect$$libinit$$00000013)
    __rt_lib_init_lc_monetary_1              0x080001c7   Thumb Code     0  libinit2.o(.ARM.Collect$$libinit$$00000015)
    __rt_lib_init_lc_numeric_1               0x080001c7   Thumb Code     0  libinit2.o(.ARM.Collect$$libinit$$00000017)
    __rt_lib_init_lc_time_1                  0x080001c7   Thumb Code     0  libinit2.o(.ARM.Collect$$libinit$$00000019)
    __rt_lib_init_preinit_1                  0x080001c7   Thumb Code     0  libinit2.o(.ARM.Collect$$libinit$$00000004)
    __rt_lib_init_rand_1                     0x080001c7   Thumb Code     0  libinit2.o(.ARM.Collect$$libinit$$0000000E)
    __rt_lib_init_return                     0x080001c7   Thumb Code     0  libinit2.o(.ARM.Collect$$libinit$$00000033)
    __rt_lib_init_signal_1                   0x080001c7   Thumb Code     0  libinit2.o(.ARM.Collect$$libinit$$0000001D)
    __rt_lib_init_stdio_1                    0x080001c7   Thumb Code     0  libinit2.o(.ARM.Collect$$libinit$$00000025)
    __rt_lib_init_user_alloc_1               0x080001c7   Thumb Code     0  libinit2.o(.ARM.Collect$$libinit$$0000000C)
    __rt_lib_shutdown                        0x080001c9   Thumb Code     0  libshutdown.o(.ARM.Collect$$libshutdown$$00000000)
    __rt_lib_shutdown_cpp_1                  0x080001cb   Thumb Code     0  libshutdown2.o(.ARM.Collect$$libshutdown$$00000002)
    __rt_lib_shutdown_fp_trap_1              0x080001cb   Thumb Code     0  libshutdown2.o(.ARM.Collect$$libshutdown$$00000007)
    __rt_lib_shutdown_heap_1                 0x080001cb   Thumb Code     0  libshutdown2.o(.ARM.Collect$$libshutdown$$0000000F)
    __rt_lib_shutdown_return                 0x080001cb   Thumb Code     0  libshutdown2.o(.ARM.Collect$$libshutdown$$00000010)
    __rt_lib_shutdown_signal_1               0x080001cb   Thumb Code     0  libshutdown2.o(.ARM.Collect$$libshutdown$$0000000A)
    __rt_lib_shutdown_stdio_1                0x080001cb   Thumb Code     0  libshutdown2.o(.ARM.Collect$$libshutdown$$00000004)
    __rt_lib_shutdown_user_alloc_1           0x080001cb   Thumb Code     0  libshutdown2.o(.ARM.Collect$$libshutdown$$0000000C)
    __rt_entry                               0x080001cd   Thumb Code     0  __rtentry.o(.ARM.Collect$$rtentry$$00000000)
    __rt_entry_presh_1                       0x080001cd   Thumb Code     0  __rtentry2.o(.ARM.Collect$$rtentry$$00000002)
    __rt_entry_sh                            0x080001cd   Thumb Code     0  __rtentry4.o(.ARM.Collect$$rtentry$$00000004)
    __rt_entry_li                            0x080001d3   Thumb Code     0  __rtentry2.o(.ARM.Collect$$rtentry$$0000000A)
    __rt_entry_postsh_1                      0x080001d3   Thumb Code     0  __rtentry2.o(.ARM.Collect$$rtentry$$00000009)
    __rt_entry_main                          0x080001d7   Thumb Code     0  __rtentry2.o(.ARM.Collect$$rtentry$$0000000D)
    __rt_entry_postli_1                      0x080001d7   Thumb Code     0  __rtentry2.o(.ARM.Collect$$rtentry$$0000000C)
    __rt_exit                                0x080001df   Thumb Code     0  rtexit.o(.ARM.Collect$$rtexit$$00000000)
    __rt_exit_ls                             0x080001e1   Thumb Code     0  rtexit2.o(.ARM.Collect$$rtexit$$00000003)
    __rt_exit_prels_1                        0x080001e1   Thumb Code     0  rtexit2.o(.ARM.Collect$$rtexit$$00000002)
    __rt_exit_exit                           0x080001e5   Thumb Code     0  rtexit2.o(.ARM.Collect$$rtexit$$00000004)
    SVC_Handler                              0x080001ed   Thumb Code    32  port.o(.emb_text)
    __asm___6_port_c_39a90d8d__prvStartFirstTask 0x08000211   Thumb Code    28  port.o(.emb_text)
    PendSV_Handler                           0x08000231   Thumb Code    72  port.o(.emb_text)
    vPortGetIPSR                             0x0800027d   Thumb Code     6  port.o(.emb_text)
    Reset_Handler                            0x08000285   Thumb Code     8  startup_stm32f107xc.o(.text)
    ADC1_2_IRQHandler                        0x0800029f   Thumb Code     0  startup_stm32f107xc.o(.text)
    CAN1_RX1_IRQHandler                      0x0800029f   Thumb Code     0  startup_stm32f107xc.o(.text)
    CAN1_SCE_IRQHandler                      0x0800029f   Thumb Code     0  startup_stm32f107xc.o(.text)
    CAN1_TX_IRQHandler                       0x0800029f   Thumb Code     0  startup_stm32f107xc.o(.text)
    CAN2_RX0_IRQHandler                      0x0800029f   Thumb Code     0  startup_stm32f107xc.o(.text)
    CAN2_RX1_IRQHandler                      0x0800029f   Thumb Code     0  startup_stm32f107xc.o(.text)
    CAN2_SCE_IRQHandler                      0x0800029f   Thumb Code     0  startup_stm32f107xc.o(.text)
    CAN2_TX_IRQHandler                       0x0800029f   Thumb Code     0  startup_stm32f107xc.o(.text)
    DMA1_Channel2_IRQHandler                 0x0800029f   Thumb Code     0  startup_stm32f107xc.o(.text)
    DMA1_Channel3_IRQHandler                 0x0800029f   Thumb Code     0  startup_stm32f107xc.o(.text)
    DMA1_Channel4_IRQHandler                 0x0800029f   Thumb Code     0  startup_stm32f107xc.o(.text)
    DMA1_Channel5_IRQHandler                 0x0800029f   Thumb Code     0  startup_stm32f107xc.o(.text)
    DMA1_Channel6_IRQHandler                 0x0800029f   Thumb Code     0  startup_stm32f107xc.o(.text)
    DMA1_Channel7_IRQHandler                 0x0800029f   Thumb Code     0  startup_stm32f107xc.o(.text)
    DMA2_Channel1_IRQHandler                 0x0800029f   Thumb Code     0  startup_stm32f107xc.o(.text)
    DMA2_Channel2_IRQHandler                 0x0800029f   Thumb Code     0  startup_stm32f107xc.o(.text)
    DMA2_Channel3_IRQHandler                 0x0800029f   Thumb Code     0  startup_stm32f107xc.o(.text)
    DMA2_Channel4_IRQHandler                 0x0800029f   Thumb Code     0  startup_stm32f107xc.o(.text)
    DMA2_Channel5_IRQHandler                 0x0800029f   Thumb Code     0  startup_stm32f107xc.o(.text)
    ETH_IRQHandler                           0x0800029f   Thumb Code     0  startup_stm32f107xc.o(.text)
    ETH_WKUP_IRQHandler                      0x0800029f   Thumb Code     0  startup_stm32f107xc.o(.text)
    EXTI0_IRQHandler                         0x0800029f   Thumb Code     0  startup_stm32f107xc.o(.text)
    EXTI15_10_IRQHandler                     0x0800029f   Thumb Code     0  startup_stm32f107xc.o(.text)
    EXTI1_IRQHandler                         0x0800029f   Thumb Code     0  startup_stm32f107xc.o(.text)
    EXTI2_IRQHandler                         0x0800029f   Thumb Code     0  startup_stm32f107xc.o(.text)
    EXTI3_IRQHandler                         0x0800029f   Thumb Code     0  startup_stm32f107xc.o(.text)
    EXTI4_IRQHandler                         0x0800029f   Thumb Code     0  startup_stm32f107xc.o(.text)
    EXTI9_5_IRQHandler                       0x0800029f   Thumb Code     0  startup_stm32f107xc.o(.text)
    FLASH_IRQHandler                         0x0800029f   Thumb Code     0  startup_stm32f107xc.o(.text)
    I2C1_ER_IRQHandler                       0x0800029f   Thumb Code     0  startup_stm32f107xc.o(.text)
    I2C1_EV_IRQHandler                       0x0800029f   Thumb Code     0  startup_stm32f107xc.o(.text)
    I2C2_ER_IRQHandler                       0x0800029f   Thumb Code     0  startup_stm32f107xc.o(.text)
    I2C2_EV_IRQHandler                       0x0800029f   Thumb Code     0  startup_stm32f107xc.o(.text)
    OTG_FS_IRQHandler                        0x0800029f   Thumb Code     0  startup_stm32f107xc.o(.text)
    OTG_FS_WKUP_IRQHandler                   0x0800029f   Thumb Code     0  startup_stm32f107xc.o(.text)
    PVD_IRQHandler                           0x0800029f   Thumb Code     0  startup_stm32f107xc.o(.text)
    RCC_IRQHandler                           0x0800029f   Thumb Code     0  startup_stm32f107xc.o(.text)
    RTC_Alarm_IRQHandler                     0x0800029f   Thumb Code     0  startup_stm32f107xc.o(.text)
    RTC_IRQHandler                           0x0800029f   Thumb Code     0  startup_stm32f107xc.o(.text)
    SPI1_IRQHandler                          0x0800029f   Thumb Code     0  startup_stm32f107xc.o(.text)
    SPI2_IRQHandler                          0x0800029f   Thumb Code     0  startup_stm32f107xc.o(.text)
    SPI3_IRQHandler                          0x0800029f   Thumb Code     0  startup_stm32f107xc.o(.text)
    TAMPER_IRQHandler                        0x0800029f   Thumb Code     0  startup_stm32f107xc.o(.text)
    TIM1_BRK_IRQHandler                      0x0800029f   Thumb Code     0  startup_stm32f107xc.o(.text)
    TIM1_CC_IRQHandler                       0x0800029f   Thumb Code     0  startup_stm32f107xc.o(.text)
    TIM1_TRG_COM_IRQHandler                  0x0800029f   Thumb Code     0  startup_stm32f107xc.o(.text)
    TIM5_IRQHandler                          0x0800029f   Thumb Code     0  startup_stm32f107xc.o(.text)
    TIM6_IRQHandler                          0x0800029f   Thumb Code     0  startup_stm32f107xc.o(.text)
    TIM7_IRQHandler                          0x0800029f   Thumb Code     0  startup_stm32f107xc.o(.text)
    UART4_IRQHandler                         0x0800029f   Thumb Code     0  startup_stm32f107xc.o(.text)
    UART5_IRQHandler                         0x0800029f   Thumb Code     0  startup_stm32f107xc.o(.text)
    USART2_IRQHandler                        0x0800029f   Thumb Code     0  startup_stm32f107xc.o(.text)
    USART3_IRQHandler                        0x0800029f   Thumb Code     0  startup_stm32f107xc.o(.text)
    WWDG_IRQHandler                          0x0800029f   Thumb Code     0  startup_stm32f107xc.o(.text)
    __user_initial_stackheap                 0x080002a1   Thumb Code     0  startup_stm32f107xc.o(.text)
    __aeabi_uldivmod                         0x080002c5   Thumb Code     0  lludivv7m.o(.text)
    _ll_udiv                                 0x080002c5   Thumb Code   238  lludivv7m.o(.text)
    __aeabi_memcpy4                          0x080003b3   Thumb Code     0  rt_memcpy_w.o(.text)
    __aeabi_memcpy8                          0x080003b3   Thumb Code     0  rt_memcpy_w.o(.text)
    __rt_memcpy_w                            0x080003b3   Thumb Code   100  rt_memcpy_w.o(.text)
    _memcpy_lastbytes_aligned                0x080003fb   Thumb Code     0  rt_memcpy_w.o(.text)
    __aeabi_memclr4                          0x08000417   Thumb Code     0  rt_memclr_w.o(.text)
    __aeabi_memclr8                          0x08000417   Thumb Code     0  rt_memclr_w.o(.text)
    __rt_memclr_w                            0x08000417   Thumb Code    78  rt_memclr_w.o(.text)
    _memset_w                                0x0800041b   Thumb Code     0  rt_memclr_w.o(.text)
    __use_two_region_memory                  0x08000465   Thumb Code     2  heapauxi.o(.text)
    __rt_heap_escrow$2region                 0x08000467   Thumb Code     2  heapauxi.o(.text)
    __rt_heap_expand$2region                 0x08000469   Thumb Code     2  heapauxi.o(.text)
    __user_setup_stackheap                   0x0800046b   Thumb Code    74  sys_stackheap_outer.o(.text)
    exit                                     0x080004b5   Thumb Code    18  exit.o(.text)
    __user_libspace                          0x080004c9   Thumb Code     8  libspace.o(.text)
    __user_perproc_libspace                  0x080004c9   Thumb Code     0  libspace.o(.text)
    __user_perthread_libspace                0x080004c9   Thumb Code     0  libspace.o(.text)
    _sys_exit                                0x080004d1   Thumb Code     8  sys_exit.o(.text)
    __I$use$semihosting                      0x080004dd   Thumb Code     0  use_no_semi.o(.text)
    __use_no_semihosting_swi                 0x080004dd   Thumb Code     2  use_no_semi.o(.text)
    __semihosting_library_function           0x080004df   Thumb Code     0  indicate_semi.o(.text)
    ADC_ConversionStop_Disable               0x080004e1   Thumb Code    76  stm32f1xx_hal_adc.o(i.ADC_ConversionStop_Disable)
    AreaCalTask                              0x0800052d   Thumb Code    12  freertos.o(i.AreaCalTask)
    BusFault_Handler                         0x08000539   Thumb Code     2  stm32f1xx_it.o(i.BusFault_Handler)
    CAN1_RX0_IRQHandler                      0x0800053d   Thumb Code     6  stm32f1xx_it.o(i.CAN1_RX0_IRQHandler)
    CanTask                                  0x08000549   Thumb Code    12  freertos.o(i.CanTask)
    DMA1_Channel1_IRQHandler                 0x08000555   Thumb Code     6  stm32f1xx_it.o(i.DMA1_Channel1_IRQHandler)
    DataCollectionTask                       0x08000561   Thumb Code    12  freertos.o(i.DataCollectionTask)
    DebugMon_Handler                         0x0800056d   Thumb Code     2  stm32f1xx_it.o(i.DebugMon_Handler)
    Error_Handler                            0x0800056f   Thumb Code     2  main.o(i.Error_Handler)
    FeedDogTask                              0x08000571   Thumb Code    28  freertos.o(i.FeedDogTask)
    HAL_ADC_ConfigChannel                    0x08000595   Thumb Code   240  stm32f1xx_hal_adc.o(i.HAL_ADC_ConfigChannel)
    HAL_ADC_Init                             0x08000691   Thumb Code   272  stm32f1xx_hal_adc.o(i.HAL_ADC_Init)
    HAL_ADC_MspInit                          0x080007ad   Thumb Code   154  adc.o(i.HAL_ADC_MspInit)
    HAL_CAN_ErrorCallback                    0x08000861   Thumb Code     2  stm32f1xx_hal_can.o(i.HAL_CAN_ErrorCallback)
    HAL_CAN_IRQHandler                       0x08000863   Thumb Code   508  stm32f1xx_hal_can.o(i.HAL_CAN_IRQHandler)
    HAL_CAN_Init                             0x08000a5f   Thumb Code   282  stm32f1xx_hal_can.o(i.HAL_CAN_Init)
    HAL_CAN_MspInit                          0x08000b79   Thumb Code   112  can.o(i.HAL_CAN_MspInit)
    HAL_CAN_RxFifo0FullCallback              0x08000bf5   Thumb Code     2  stm32f1xx_hal_can.o(i.HAL_CAN_RxFifo0FullCallback)
    HAL_CAN_RxFifo0MsgPendingCallback        0x08000bf7   Thumb Code     2  stm32f1xx_hal_can.o(i.HAL_CAN_RxFifo0MsgPendingCallback)
    HAL_CAN_RxFifo1FullCallback              0x08000bf9   Thumb Code     2  stm32f1xx_hal_can.o(i.HAL_CAN_RxFifo1FullCallback)
    HAL_CAN_RxFifo1MsgPendingCallback        0x08000bfb   Thumb Code     2  stm32f1xx_hal_can.o(i.HAL_CAN_RxFifo1MsgPendingCallback)
    HAL_CAN_SleepCallback                    0x08000bfd   Thumb Code     2  stm32f1xx_hal_can.o(i.HAL_CAN_SleepCallback)
    HAL_CAN_TxMailbox0AbortCallback          0x08000bff   Thumb Code     2  stm32f1xx_hal_can.o(i.HAL_CAN_TxMailbox0AbortCallback)
    HAL_CAN_TxMailbox0CompleteCallback       0x08000c01   Thumb Code     2  stm32f1xx_hal_can.o(i.HAL_CAN_TxMailbox0CompleteCallback)
    HAL_CAN_TxMailbox1AbortCallback          0x08000c03   Thumb Code     2  stm32f1xx_hal_can.o(i.HAL_CAN_TxMailbox1AbortCallback)
    HAL_CAN_TxMailbox1CompleteCallback       0x08000c05   Thumb Code     2  stm32f1xx_hal_can.o(i.HAL_CAN_TxMailbox1CompleteCallback)
    HAL_CAN_TxMailbox2AbortCallback          0x08000c07   Thumb Code     2  stm32f1xx_hal_can.o(i.HAL_CAN_TxMailbox2AbortCallback)
    HAL_CAN_TxMailbox2CompleteCallback       0x08000c09   Thumb Code     2  stm32f1xx_hal_can.o(i.HAL_CAN_TxMailbox2CompleteCallback)
    HAL_CAN_WakeUpFromRxMsgCallback          0x08000c0b   Thumb Code     2  stm32f1xx_hal_can.o(i.HAL_CAN_WakeUpFromRxMsgCallback)
    HAL_DMA_Abort_IT                         0x08000c0d   Thumb Code   296  stm32f1xx_hal_dma.o(i.HAL_DMA_Abort_IT)
    HAL_DMA_IRQHandler                       0x08000d3d   Thumb Code   552  stm32f1xx_hal_dma.o(i.HAL_DMA_IRQHandler)
    HAL_DMA_Init                             0x08000f85   Thumb Code   112  stm32f1xx_hal_dma.o(i.HAL_DMA_Init)
    HAL_GPIO_Init                            0x08001001   Thumb Code   446  stm32f1xx_hal_gpio.o(i.HAL_GPIO_Init)
    HAL_GPIO_TogglePin                       0x080011e1   Thumb Code    14  stm32f1xx_hal_gpio.o(i.HAL_GPIO_TogglePin)
    HAL_GPIO_WritePin                        0x080011ef   Thumb Code    10  stm32f1xx_hal_gpio.o(i.HAL_GPIO_WritePin)
    HAL_GetTick                              0x080011f9   Thumb Code     6  stm32f1xx_hal.o(i.HAL_GetTick)
    HAL_I2C_Init                             0x08001205   Thumb Code   356  stm32f1xx_hal_i2c.o(i.HAL_I2C_Init)
    HAL_I2C_MspInit                          0x08001379   Thumb Code    80  i2c.o(i.HAL_I2C_MspInit)
    HAL_IWDG_Init                            0x080013d5   Thumb Code    82  stm32f1xx_hal_iwdg.o(i.HAL_IWDG_Init)
    HAL_IWDG_Refresh                         0x08001427   Thumb Code    12  stm32f1xx_hal_iwdg.o(i.HAL_IWDG_Refresh)
    HAL_IncTick                              0x08001435   Thumb Code    12  stm32f1xx_hal.o(i.HAL_IncTick)
    HAL_Init                                 0x08001445   Thumb Code    32  stm32f1xx_hal.o(i.HAL_Init)
    HAL_InitTick                             0x08001469   Thumb Code    98  stm32f1xx_hal_timebase_tim.o(i.HAL_InitTick)
    HAL_MspInit                              0x080014dd   Thumb Code    62  stm32f1xx_hal_msp.o(i.HAL_MspInit)
    HAL_NVIC_EnableIRQ                       0x08001525   Thumb Code    26  stm32f1xx_hal_cortex.o(i.HAL_NVIC_EnableIRQ)
    HAL_NVIC_SetPriority                     0x08001541   Thumb Code    60  stm32f1xx_hal_cortex.o(i.HAL_NVIC_SetPriority)
    HAL_NVIC_SetPriorityGrouping             0x08001581   Thumb Code    26  stm32f1xx_hal_cortex.o(i.HAL_NVIC_SetPriorityGrouping)
    HAL_RCCEx_PeriphCLKConfig                0x080015a5   Thumb Code   374  stm32f1xx_hal_rcc_ex.o(i.HAL_RCCEx_PeriphCLKConfig)
    HAL_RCC_ClockConfig                      0x0800172d   Thumb Code   280  stm32f1xx_hal_rcc.o(i.HAL_RCC_ClockConfig)
    HAL_RCC_GetClockConfig                   0x08001859   Thumb Code    54  stm32f1xx_hal_rcc.o(i.HAL_RCC_GetClockConfig)
    HAL_RCC_GetPCLK1Freq                     0x08001899   Thumb Code    20  stm32f1xx_hal_rcc.o(i.HAL_RCC_GetPCLK1Freq)
    HAL_RCC_GetPCLK2Freq                     0x080018b9   Thumb Code    20  stm32f1xx_hal_rcc.o(i.HAL_RCC_GetPCLK2Freq)
    HAL_RCC_GetSysClockFreq                  0x080018d9   Thumb Code   148  stm32f1xx_hal_rcc.o(i.HAL_RCC_GetSysClockFreq)
    HAL_RCC_OscConfig                        0x0800199d   Thumb Code   974  stm32f1xx_hal_rcc.o(i.HAL_RCC_OscConfig)
    HAL_TIMEx_BreakCallback                  0x08001d81   Thumb Code     2  stm32f1xx_hal_tim_ex.o(i.HAL_TIMEx_BreakCallback)
    HAL_TIMEx_CommutCallback                 0x08001d83   Thumb Code     2  stm32f1xx_hal_tim_ex.o(i.HAL_TIMEx_CommutCallback)
    HAL_TIMEx_MasterConfigSynchronization    0x08001d85   Thumb Code    66  stm32f1xx_hal_tim_ex.o(i.HAL_TIMEx_MasterConfigSynchronization)
    HAL_TIM_Base_Init                        0x08001dc7   Thumb Code    54  stm32f1xx_hal_tim.o(i.HAL_TIM_Base_Init)
    HAL_TIM_Base_MspInit                     0x08001dfd   Thumb Code   122  tim.o(i.HAL_TIM_Base_MspInit)
    HAL_TIM_Base_Start_IT                    0x08001e85   Thumb Code    34  stm32f1xx_hal_tim.o(i.HAL_TIM_Base_Start_IT)
    HAL_TIM_ConfigClockSource                0x08001ea7   Thumb Code   214  stm32f1xx_hal_tim.o(i.HAL_TIM_ConfigClockSource)
    HAL_TIM_IC_CaptureCallback               0x08001f7d   Thumb Code     2  stm32f1xx_hal_tim.o(i.HAL_TIM_IC_CaptureCallback)
    HAL_TIM_IRQHandler                       0x08001f7f   Thumb Code   358  stm32f1xx_hal_tim.o(i.HAL_TIM_IRQHandler)
    HAL_TIM_OC_DelayElapsedCallback          0x080020e5   Thumb Code     2  stm32f1xx_hal_tim.o(i.HAL_TIM_OC_DelayElapsedCallback)
    HAL_TIM_PWM_PulseFinishedCallback        0x080020e7   Thumb Code     2  stm32f1xx_hal_tim.o(i.HAL_TIM_PWM_PulseFinishedCallback)
    HAL_TIM_PeriodElapsedCallback            0x080020e9   Thumb Code    14  main.o(i.HAL_TIM_PeriodElapsedCallback)
    HAL_TIM_TriggerCallback                  0x080020fd   Thumb Code     2  stm32f1xx_hal_tim.o(i.HAL_TIM_TriggerCallback)
    HAL_UART_ErrorCallback                   0x080020ff   Thumb Code     2  stm32f1xx_hal_uart.o(i.HAL_UART_ErrorCallback)
    HAL_UART_IRQHandler                      0x08002101   Thumb Code   266  stm32f1xx_hal_uart.o(i.HAL_UART_IRQHandler)
    HAL_UART_Init                            0x08002211   Thumb Code    98  stm32f1xx_hal_uart.o(i.HAL_UART_Init)
    HAL_UART_MspInit                         0x08002275   Thumb Code   114  usart.o(i.HAL_UART_MspInit)
    HAL_UART_RxCpltCallback                  0x080022f5   Thumb Code     2  stm32f1xx_hal_uart.o(i.HAL_UART_RxCpltCallback)
    HAL_UART_TxCpltCallback                  0x080022f7   Thumb Code     2  stm32f1xx_hal_uart.o(i.HAL_UART_TxCpltCallback)
    HardFault_Handler                        0x080022f9   Thumb Code     2  stm32f1xx_it.o(i.HardFault_Handler)
    LeftHeadSpeedControlTask                 0x080022fb   Thumb Code    12  freertos.o(i.LeftHeadSpeedControlTask)
    MX_ADC1_Init                             0x08002309   Thumb Code   204  adc.o(i.MX_ADC1_Init)
    MX_CAN1_Init                             0x080023dd   Thumb Code    62  can.o(i.MX_CAN1_Init)
    MX_DMA_Init                              0x08002425   Thumb Code    40  dma.o(i.MX_DMA_Init)
    MX_FREERTOS_Init                         0x08002451   Thumb Code   206  freertos.o(i.MX_FREERTOS_Init)
    MX_GPIO_Init                             0x08002529   Thumb Code   294  gpio.o(i.MX_GPIO_Init)
    MX_I2C1_Init                             0x08002669   Thumb Code    50  i2c.o(i.MX_I2C1_Init)
    MX_IWDG_Init                             0x080026a9   Thumb Code    36  iwdg.o(i.MX_IWDG_Init)
    MX_TIM2_Init                             0x080026d5   Thumb Code    96  tim.o(i.MX_TIM2_Init)
    MX_TIM3_Init                             0x08002739   Thumb Code    94  tim.o(i.MX_TIM3_Init)
    MX_TIM4_Init                             0x080027a1   Thumb Code    94  tim.o(i.MX_TIM4_Init)
    MX_USART1_UART_Init                      0x08002809   Thumb Code    48  usart.o(i.MX_USART1_UART_Init)
    MemManage_Handler                        0x08002841   Thumb Code     2  stm32f1xx_it.o(i.MemManage_Handler)
    NMI_Handler                              0x08002843   Thumb Code     2  stm32f1xx_it.o(i.NMI_Handler)
    RightHeadSpeedControlTask                0x08002845   Thumb Code    12  freertos.o(i.RightHeadSpeedControlTask)
    SmoothTask                               0x08002851   Thumb Code    12  freertos.o(i.SmoothTask)
    StartDefaultTask                         0x0800285d   Thumb Code    12  freertos.o(i.StartDefaultTask)
    SysTick_Handler                          0x08002869   Thumb Code    38  port.o(i.SysTick_Handler)
    SystemClock_Config                       0x08002895   Thumb Code   124  main.o(i.SystemClock_Config)
    SystemInit                               0x08002915   Thumb Code    68  system_stm32f1xx.o(i.SystemInit)
    TIM1_UP_IRQHandler                       0x08002969   Thumb Code     6  stm32f1xx_it.o(i.TIM1_UP_IRQHandler)
    TIM2_IRQHandler                          0x08002975   Thumb Code     6  stm32f1xx_it.o(i.TIM2_IRQHandler)
    TIM3_IRQHandler                          0x08002981   Thumb Code     6  stm32f1xx_it.o(i.TIM3_IRQHandler)
    TIM4_IRQHandler                          0x0800298d   Thumb Code     6  stm32f1xx_it.o(i.TIM4_IRQHandler)
    TIM_Base_SetConfig                       0x08002999   Thumb Code   106  stm32f1xx_hal_tim.o(i.TIM_Base_SetConfig)
    TIM_ETR_SetConfig                        0x08002a15   Thumb Code    20  stm32f1xx_hal_tim.o(i.TIM_ETR_SetConfig)
    USART1_IRQHandler                        0x08002c5d   Thumb Code     6  stm32f1xx_it.o(i.USART1_IRQHandler)
    UsageFault_Handler                       0x08002c69   Thumb Code     2  stm32f1xx_it.o(i.UsageFault_Handler)
    WalkSpeedControlTask                     0x08002c6b   Thumb Code    12  freertos.o(i.WalkSpeedControlTask)
    main                                     0x08002c97   Thumb Code    58  main.o(i.main)
    osDelay                                  0x08002cdd   Thumb Code    14  cmsis_os.o(i.osDelay)
    osKernelStart                            0x08002ceb   Thumb Code    10  cmsis_os.o(i.osKernelStart)
    osThreadCreate                           0x08002cf5   Thumb Code    46  cmsis_os.o(i.osThreadCreate)
    pvPortMalloc                             0x08003049   Thumb Code   210  heap_4.o(i.pvPortMalloc)
    pxPortInitialiseStack                    0x08003121   Thumb Code    32  port.o(i.pxPortInitialiseStack)
    uxListRemove                             0x08003145   Thumb Code    38  list.o(i.uxListRemove)
    vListInitialise                          0x0800316b   Thumb Code    22  list.o(i.vListInitialise)
    vListInitialiseItem                      0x08003181   Thumb Code     6  list.o(i.vListInitialiseItem)
    vListInsert                              0x08003187   Thumb Code    48  list.o(i.vListInsert)
    vListInsertEnd                           0x080031b7   Thumb Code    24  list.o(i.vListInsertEnd)
    vPortEnterCritical                       0x080031d1   Thumb Code    54  port.o(i.vPortEnterCritical)
    vPortExitCritical                        0x08003211   Thumb Code    34  port.o(i.vPortExitCritical)
    vPortFree                                0x08003239   Thumb Code    88  heap_4.o(i.vPortFree)
    vPortSetupTimerInterrupt                 0x08003295   Thumb Code    32  port.o(i.vPortSetupTimerInterrupt)
    vTaskDelay                               0x080032b9   Thumb Code    66  tasks.o(i.vTaskDelay)
    vTaskStartScheduler                      0x08003305   Thumb Code    86  tasks.o(i.vTaskStartScheduler)
    vTaskSuspendAll                          0x0800336d   Thumb Code    10  tasks.o(i.vTaskSuspendAll)
    vTaskSwitchContext                       0x0800337d   Thumb Code    82  tasks.o(i.vTaskSwitchContext)
    xPortStartScheduler                      0x080033d9   Thumb Code   154  port.o(i.xPortStartScheduler)
    xTaskCreate                              0x08003481   Thumb Code    86  tasks.o(i.xTaskCreate)
    xTaskIncrementTick                       0x080034d9   Thumb Code   192  tasks.o(i.xTaskIncrementTick)
    xTaskResumeAll                           0x080035a1   Thumb Code   182  tasks.o(i.xTaskResumeAll)
    AHBPrescTable                            0x08003718   Data          16  system_stm32f1xx.o(.constdata)
    APBPrescTable                            0x08003728   Data           8  system_stm32f1xx.o(.constdata)
    Region$$Table$$Base                      0x080037b4   Number         0  anon$$obj.o(Region$$Table)
    Region$$Table$$Limit                     0x080037d4   Number         0  anon$$obj.o(Region$$Table)
    defaultTaskHandle                        0x20000000   Data           4  freertos.o(.data)
    Task_CANHandle                           0x20000004   Data           4  freertos.o(.data)
    Task_FeedDogHandle                       0x20000008   Data           4  freertos.o(.data)
    Task_DataColHandle                       0x2000000c   Data           4  freertos.o(.data)
    Task_AreaCalHandle                       0x20000010   Data           4  freertos.o(.data)
    Tack_WalkSpeedCHandle                    0x20000014   Data           4  freertos.o(.data)
    Task_LeftHeadCHandle                     0x20000018   Data           4  freertos.o(.data)
    Task_RightHeadCHandle                    0x2000001c   Data           4  freertos.o(.data)
    Task_SmoothHandle                        0x20000020   Data           4  freertos.o(.data)
    uwTickFreq                               0x20000024   Data           1  stm32f1xx_hal.o(.data)
    uwTickPrio                               0x20000028   Data           4  stm32f1xx_hal.o(.data)
    uwTick                                   0x2000002c   Data           4  stm32f1xx_hal.o(.data)
    SystemCoreClock                          0x20000030   Data           4  system_stm32f1xx.o(.data)
    pxCurrentTCB                             0x20000034   Data           4  tasks.o(.data)
    hadc1                                    0x20000094   Data          48  adc.o(.bss)
    hdma_adc1                                0x200000c4   Data          68  adc.o(.bss)
    hcan1                                    0x20000108   Data          40  can.o(.bss)
    hi2c1                                    0x20000130   Data          84  i2c.o(.bss)
    hiwdg                                    0x20000184   Data          12  iwdg.o(.bss)
    htim2                                    0x20000190   Data          64  tim.o(.bss)
    htim3                                    0x200001d0   Data          64  tim.o(.bss)
    htim4                                    0x20000210   Data          64  tim.o(.bss)
    huart1                                   0x20000250   Data          64  usart.o(.bss)
    htim1                                    0x20000290   Data          64  stm32f1xx_hal_timebase_tim.o(.bss)
    __libspace_start                         0x200023c0   Data          96  libspace.o(.bss)
    __temporary_stack_top$libspace           0x20002420   Data           0  libspace.o(.bss)



==============================================================================

Memory Map of the image

  Image Entry point : 0x08000151

  Load Region LR_IROM1 (Base: 0x08000000, Size: 0x00003868, Max: 0x00040000, ABSOLUTE)

    Execution Region ER_IROM1 (Base: 0x08000000, Size: 0x000037d4, Max: 0x00040000, ABSOLUTE)

    Base Addr    Size         Type   Attr      Idx    E Section Name        Object

    0x08000000   0x00000150   Data   RO            3    RESET               startup_stm32f107xc.o
    0x08000150   0x00000008   Code   RO         5310  * !!!main             c_w.l(__main.o)
    0x08000158   0x00000034   Code   RO         5479    !!!scatter          c_w.l(__scatter.o)
    0x0800018c   0x0000001a   Code   RO         5481    !!handler_copy      c_w.l(__scatter_copy.o)
    0x080001a6   0x00000002   PAD
    0x080001a8   0x0000001c   Code   RO         5483    !!handler_zi        c_w.l(__scatter_zi.o)
    0x080001c4   0x00000002   Code   RO         5349    .ARM.Collect$$libinit$$00000000  c_w.l(libinit.o)
    0x080001c6   0x00000000   Code   RO         5362    .ARM.Collect$$libinit$$00000002  c_w.l(libinit2.o)
    0x080001c6   0x00000000   Code   RO         5364    .ARM.Collect$$libinit$$00000004  c_w.l(libinit2.o)
    0x080001c6   0x00000000   Code   RO         5367    .ARM.Collect$$libinit$$0000000A  c_w.l(libinit2.o)
    0x080001c6   0x00000000   Code   RO         5369    .ARM.Collect$$libinit$$0000000C  c_w.l(libinit2.o)
    0x080001c6   0x00000000   Code   RO         5371    .ARM.Collect$$libinit$$0000000E  c_w.l(libinit2.o)
    0x080001c6   0x00000000   Code   RO         5374    .ARM.Collect$$libinit$$00000011  c_w.l(libinit2.o)
    0x080001c6   0x00000000   Code   RO         5376    .ARM.Collect$$libinit$$00000013  c_w.l(libinit2.o)
    0x080001c6   0x00000000   Code   RO         5378    .ARM.Collect$$libinit$$00000015  c_w.l(libinit2.o)
    0x080001c6   0x00000000   Code   RO         5380    .ARM.Collect$$libinit$$00000017  c_w.l(libinit2.o)
    0x080001c6   0x00000000   Code   RO         5382    .ARM.Collect$$libinit$$00000019  c_w.l(libinit2.o)
    0x080001c6   0x00000000   Code   RO         5384    .ARM.Collect$$libinit$$0000001B  c_w.l(libinit2.o)
    0x080001c6   0x00000000   Code   RO         5386    .ARM.Collect$$libinit$$0000001D  c_w.l(libinit2.o)
    0x080001c6   0x00000000   Code   RO         5388    .ARM.Collect$$libinit$$0000001F  c_w.l(libinit2.o)
    0x080001c6   0x00000000   Code   RO         5390    .ARM.Collect$$libinit$$00000021  c_w.l(libinit2.o)
    0x080001c6   0x00000000   Code   RO         5392    .ARM.Collect$$libinit$$00000023  c_w.l(libinit2.o)
    0x080001c6   0x00000000   Code   RO         5394    .ARM.Collect$$libinit$$00000025  c_w.l(libinit2.o)
    0x080001c6   0x00000000   Code   RO         5398    .ARM.Collect$$libinit$$0000002C  c_w.l(libinit2.o)
    0x080001c6   0x00000000   Code   RO         5400    .ARM.Collect$$libinit$$0000002E  c_w.l(libinit2.o)
    0x080001c6   0x00000000   Code   RO         5402    .ARM.Collect$$libinit$$00000030  c_w.l(libinit2.o)
    0x080001c6   0x00000000   Code   RO         5404    .ARM.Collect$$libinit$$00000032  c_w.l(libinit2.o)
    0x080001c6   0x00000002   Code   RO         5405    .ARM.Collect$$libinit$$00000033  c_w.l(libinit2.o)
    0x080001c8   0x00000002   Code   RO         5436    .ARM.Collect$$libshutdown$$00000000  c_w.l(libshutdown.o)
    0x080001ca   0x00000000   Code   RO         5462    .ARM.Collect$$libshutdown$$00000002  c_w.l(libshutdown2.o)
    0x080001ca   0x00000000   Code   RO         5464    .ARM.Collect$$libshutdown$$00000004  c_w.l(libshutdown2.o)
    0x080001ca   0x00000000   Code   RO         5467    .ARM.Collect$$libshutdown$$00000007  c_w.l(libshutdown2.o)
    0x080001ca   0x00000000   Code   RO         5470    .ARM.Collect$$libshutdown$$0000000A  c_w.l(libshutdown2.o)
    0x080001ca   0x00000000   Code   RO         5472    .ARM.Collect$$libshutdown$$0000000C  c_w.l(libshutdown2.o)
    0x080001ca   0x00000000   Code   RO         5475    .ARM.Collect$$libshutdown$$0000000F  c_w.l(libshutdown2.o)
    0x080001ca   0x00000002   Code   RO         5476    .ARM.Collect$$libshutdown$$00000010  c_w.l(libshutdown2.o)
    0x080001cc   0x00000000   Code   RO         5312    .ARM.Collect$$rtentry$$00000000  c_w.l(__rtentry.o)
    0x080001cc   0x00000000   Code   RO         5320    .ARM.Collect$$rtentry$$00000002  c_w.l(__rtentry2.o)
    0x080001cc   0x00000006   Code   RO         5332    .ARM.Collect$$rtentry$$00000004  c_w.l(__rtentry4.o)
    0x080001d2   0x00000000   Code   RO         5322    .ARM.Collect$$rtentry$$00000009  c_w.l(__rtentry2.o)
    0x080001d2   0x00000004   Code   RO         5323    .ARM.Collect$$rtentry$$0000000A  c_w.l(__rtentry2.o)
    0x080001d6   0x00000000   Code   RO         5325    .ARM.Collect$$rtentry$$0000000C  c_w.l(__rtentry2.o)
    0x080001d6   0x00000008   Code   RO         5326    .ARM.Collect$$rtentry$$0000000D  c_w.l(__rtentry2.o)
    0x080001de   0x00000002   Code   RO         5353    .ARM.Collect$$rtexit$$00000000  c_w.l(rtexit.o)
    0x080001e0   0x00000000   Code   RO         5409    .ARM.Collect$$rtexit$$00000002  c_w.l(rtexit2.o)
    0x080001e0   0x00000004   Code   RO         5410    .ARM.Collect$$rtexit$$00000003  c_w.l(rtexit2.o)
    0x080001e4   0x00000006   Code   RO         5411    .ARM.Collect$$rtexit$$00000004  c_w.l(rtexit2.o)
    0x080001ea   0x00000002   PAD
    0x080001ec   0x00000096   Code   RO         5217    .emb_text           port.o
    0x08000282   0x00000002   PAD
    0x08000284   0x00000040   Code   RO            4    .text               startup_stm32f107xc.o
    0x080002c4   0x000000ee   Code   RO         5296    .text               c_w.l(lludivv7m.o)
    0x080003b2   0x00000064   Code   RO         5302    .text               c_w.l(rt_memcpy_w.o)
    0x08000416   0x0000004e   Code   RO         5306    .text               c_w.l(rt_memclr_w.o)
    0x08000464   0x00000006   Code   RO         5308    .text               c_w.l(heapauxi.o)
    0x0800046a   0x0000004a   Code   RO         5336    .text               c_w.l(sys_stackheap_outer.o)
    0x080004b4   0x00000012   Code   RO         5338    .text               c_w.l(exit.o)
    0x080004c6   0x00000002   PAD
    0x080004c8   0x00000008   Code   RO         5350    .text               c_w.l(libspace.o)
    0x080004d0   0x0000000c   Code   RO         5406    .text               c_w.l(sys_exit.o)
    0x080004dc   0x00000002   Code   RO         5425    .text               c_w.l(use_no_semi.o)
    0x080004de   0x00000000   Code   RO         5427    .text               c_w.l(indicate_semi.o)
    0x080004de   0x00000002   PAD
    0x080004e0   0x0000004c   Code   RO          817    i.ADC_ConversionStop_Disable  stm32f1xx_hal_adc.o
    0x0800052c   0x0000000c   Code   RO          251    i.AreaCalTask       freertos.o
    0x08000538   0x00000002   Code   RO          618    i.BusFault_Handler  stm32f1xx_it.o
    0x0800053a   0x00000002   PAD
    0x0800053c   0x0000000c   Code   RO          619    i.CAN1_RX0_IRQHandler  stm32f1xx_it.o
    0x08000548   0x0000000c   Code   RO          252    i.CanTask           freertos.o
    0x08000554   0x0000000c   Code   RO          620    i.DMA1_Channel1_IRQHandler  stm32f1xx_it.o
    0x08000560   0x0000000c   Code   RO          253    i.DataCollectionTask  freertos.o
    0x0800056c   0x00000002   Code   RO          621    i.DebugMon_Handler  stm32f1xx_it.o
    0x0800056e   0x00000002   Code   RO           13    i.Error_Handler     main.o
    0x08000570   0x00000024   Code   RO          254    i.FeedDogTask       freertos.o
    0x08000594   0x000000fc   Code   RO          823    i.HAL_ADC_ConfigChannel  stm32f1xx_hal_adc.o
    0x08000690   0x0000011c   Code   RO          832    i.HAL_ADC_Init      stm32f1xx_hal_adc.o
    0x080007ac   0x000000b4   Code   RO          343    i.HAL_ADC_MspInit   adc.o
    0x08000860   0x00000002   Code   RO         2098    i.HAL_CAN_ErrorCallback  stm32f1xx_hal_can.o
    0x08000862   0x000001fc   Code   RO         2105    i.HAL_CAN_IRQHandler  stm32f1xx_hal_can.o
    0x08000a5e   0x0000011a   Code   RO         2106    i.HAL_CAN_Init      stm32f1xx_hal_can.o
    0x08000b78   0x0000007c   Code   RO          385    i.HAL_CAN_MspInit   can.o
    0x08000bf4   0x00000002   Code   RO         2113    i.HAL_CAN_RxFifo0FullCallback  stm32f1xx_hal_can.o
    0x08000bf6   0x00000002   Code   RO         2114    i.HAL_CAN_RxFifo0MsgPendingCallback  stm32f1xx_hal_can.o
    0x08000bf8   0x00000002   Code   RO         2115    i.HAL_CAN_RxFifo1FullCallback  stm32f1xx_hal_can.o
    0x08000bfa   0x00000002   Code   RO         2116    i.HAL_CAN_RxFifo1MsgPendingCallback  stm32f1xx_hal_can.o
    0x08000bfc   0x00000002   Code   RO         2117    i.HAL_CAN_SleepCallback  stm32f1xx_hal_can.o
    0x08000bfe   0x00000002   Code   RO         2120    i.HAL_CAN_TxMailbox0AbortCallback  stm32f1xx_hal_can.o
    0x08000c00   0x00000002   Code   RO         2121    i.HAL_CAN_TxMailbox0CompleteCallback  stm32f1xx_hal_can.o
    0x08000c02   0x00000002   Code   RO         2122    i.HAL_CAN_TxMailbox1AbortCallback  stm32f1xx_hal_can.o
    0x08000c04   0x00000002   Code   RO         2123    i.HAL_CAN_TxMailbox1CompleteCallback  stm32f1xx_hal_can.o
    0x08000c06   0x00000002   Code   RO         2124    i.HAL_CAN_TxMailbox2AbortCallback  stm32f1xx_hal_can.o
    0x08000c08   0x00000002   Code   RO         2125    i.HAL_CAN_TxMailbox2CompleteCallback  stm32f1xx_hal_can.o
    0x08000c0a   0x00000002   Code   RO         2127    i.HAL_CAN_WakeUpFromRxMsgCallback  stm32f1xx_hal_can.o
    0x08000c0c   0x00000130   Code   RO         1497    i.HAL_DMA_Abort_IT  stm32f1xx_hal_dma.o
    0x08000d3c   0x00000248   Code   RO         1501    i.HAL_DMA_IRQHandler  stm32f1xx_hal_dma.o
    0x08000f84   0x0000007c   Code   RO         1502    i.HAL_DMA_Init      stm32f1xx_hal_dma.o
    0x08001000   0x000001e0   Code   RO         1432    i.HAL_GPIO_Init     stm32f1xx_hal_gpio.o
    0x080011e0   0x0000000e   Code   RO         1435    i.HAL_GPIO_TogglePin  stm32f1xx_hal_gpio.o
    0x080011ee   0x0000000a   Code   RO         1436    i.HAL_GPIO_WritePin  stm32f1xx_hal_gpio.o
    0x080011f8   0x0000000c   Code   RO         1104    i.HAL_GetTick       stm32f1xx_hal.o
    0x08001204   0x00000174   Code   RO         2337    i.HAL_I2C_Init      stm32f1xx_hal_i2c.o
    0x08001378   0x0000005c   Code   RO          451    i.HAL_I2C_MspInit   i2c.o
    0x080013d4   0x00000052   Code   RO         2748    i.HAL_IWDG_Init     stm32f1xx_hal_iwdg.o
    0x08001426   0x0000000c   Code   RO         2749    i.HAL_IWDG_Refresh  stm32f1xx_hal_iwdg.o
    0x08001432   0x00000002   PAD
    0x08001434   0x00000010   Code   RO         1110    i.HAL_IncTick       stm32f1xx_hal.o
    0x08001444   0x00000024   Code   RO         1111    i.HAL_Init          stm32f1xx_hal.o
    0x08001468   0x00000074   Code   RO          742    i.HAL_InitTick      stm32f1xx_hal_timebase_tim.o
    0x080014dc   0x00000048   Code   RO          718    i.HAL_MspInit       stm32f1xx_hal_msp.o
    0x08001524   0x0000001a   Code   RO         1592    i.HAL_NVIC_EnableIRQ  stm32f1xx_hal_cortex.o
    0x0800153e   0x00000002   PAD
    0x08001540   0x00000040   Code   RO         1598    i.HAL_NVIC_SetPriority  stm32f1xx_hal_cortex.o
    0x08001580   0x00000024   Code   RO         1599    i.HAL_NVIC_SetPriorityGrouping  stm32f1xx_hal_cortex.o
    0x080015a4   0x00000188   Code   RO         1375    i.HAL_RCCEx_PeriphCLKConfig  stm32f1xx_hal_rcc_ex.o
    0x0800172c   0x0000012c   Code   RO         1268    i.HAL_RCC_ClockConfig  stm32f1xx_hal_rcc.o
    0x08001858   0x00000040   Code   RO         1272    i.HAL_RCC_GetClockConfig  stm32f1xx_hal_rcc.o
    0x08001898   0x00000020   Code   RO         1275    i.HAL_RCC_GetPCLK1Freq  stm32f1xx_hal_rcc.o
    0x080018b8   0x00000020   Code   RO         1276    i.HAL_RCC_GetPCLK2Freq  stm32f1xx_hal_rcc.o
    0x080018d8   0x000000c4   Code   RO         1277    i.HAL_RCC_GetSysClockFreq  stm32f1xx_hal_rcc.o
    0x0800199c   0x000003e4   Code   RO         1280    i.HAL_RCC_OscConfig  stm32f1xx_hal_rcc.o
    0x08001d80   0x00000002   Code   RO         3455    i.HAL_TIMEx_BreakCallback  stm32f1xx_hal_tim_ex.o
    0x08001d82   0x00000002   Code   RO         3456    i.HAL_TIMEx_CommutCallback  stm32f1xx_hal_tim_ex.o
    0x08001d84   0x00000042   Code   RO         3473    i.HAL_TIMEx_MasterConfigSynchronization  stm32f1xx_hal_tim_ex.o
    0x08001dc6   0x00000036   Code   RO         2780    i.HAL_TIM_Base_Init  stm32f1xx_hal_tim.o
    0x08001dfc   0x00000088   Code   RO          523    i.HAL_TIM_Base_MspInit  tim.o
    0x08001e84   0x00000022   Code   RO         2785    i.HAL_TIM_Base_Start_IT  stm32f1xx_hal_tim.o
    0x08001ea6   0x000000d6   Code   RO         2789    i.HAL_TIM_ConfigClockSource  stm32f1xx_hal_tim.o
    0x08001f7c   0x00000002   Code   RO         2809    i.HAL_TIM_IC_CaptureCallback  stm32f1xx_hal_tim.o
    0x08001f7e   0x00000166   Code   RO         2823    i.HAL_TIM_IRQHandler  stm32f1xx_hal_tim.o
    0x080020e4   0x00000002   Code   RO         2826    i.HAL_TIM_OC_DelayElapsedCallback  stm32f1xx_hal_tim.o
    0x080020e6   0x00000002   Code   RO         2853    i.HAL_TIM_PWM_PulseFinishedCallback  stm32f1xx_hal_tim.o
    0x080020e8   0x00000014   Code   RO           14    i.HAL_TIM_PeriodElapsedCallback  main.o
    0x080020fc   0x00000002   Code   RO         2866    i.HAL_TIM_TriggerCallback  stm32f1xx_hal_tim.o
    0x080020fe   0x00000002   Code   RO         3727    i.HAL_UART_ErrorCallback  stm32f1xx_hal_uart.o
    0x08002100   0x00000110   Code   RO         3730    i.HAL_UART_IRQHandler  stm32f1xx_hal_uart.o
    0x08002210   0x00000062   Code   RO         3731    i.HAL_UART_Init     stm32f1xx_hal_uart.o
    0x08002272   0x00000002   PAD
    0x08002274   0x00000080   Code   RO          577    i.HAL_UART_MspInit  usart.o
    0x080022f4   0x00000002   Code   RO         3737    i.HAL_UART_RxCpltCallback  stm32f1xx_hal_uart.o
    0x080022f6   0x00000002   Code   RO         3742    i.HAL_UART_TxCpltCallback  stm32f1xx_hal_uart.o
    0x080022f8   0x00000002   Code   RO          622    i.HardFault_Handler  stm32f1xx_it.o
    0x080022fa   0x0000000c   Code   RO          255    i.LeftHeadSpeedControlTask  freertos.o
    0x08002306   0x00000002   PAD
    0x08002308   0x000000d4   Code   RO          344    i.MX_ADC1_Init      adc.o
    0x080023dc   0x00000048   Code   RO          386    i.MX_CAN1_Init      can.o
    0x08002424   0x0000002c   Code   RO          426    i.MX_DMA_Init       dma.o
    0x08002450   0x000000d8   Code   RO          256    i.MX_FREERTOS_Init  freertos.o
    0x08002528   0x00000140   Code   RO          227    i.MX_GPIO_Init      gpio.o
    0x08002668   0x00000040   Code   RO          452    i.MX_I2C1_Init      i2c.o
    0x080026a8   0x0000002c   Code   RO          492    i.MX_IWDG_Init      iwdg.o
    0x080026d4   0x00000064   Code   RO          524    i.MX_TIM2_Init      tim.o
    0x08002738   0x00000068   Code   RO          525    i.MX_TIM3_Init      tim.o
    0x080027a0   0x00000068   Code   RO          526    i.MX_TIM4_Init      tim.o
    0x08002808   0x00000038   Code   RO          578    i.MX_USART1_UART_Init  usart.o
    0x08002840   0x00000002   Code   RO          623    i.MemManage_Handler  stm32f1xx_it.o
    0x08002842   0x00000002   Code   RO          624    i.NMI_Handler       stm32f1xx_it.o
    0x08002844   0x0000000c   Code   RO          257    i.RightHeadSpeedControlTask  freertos.o
    0x08002850   0x0000000c   Code   RO          258    i.SmoothTask        freertos.o
    0x0800285c   0x0000000c   Code   RO          259    i.StartDefaultTask  freertos.o
    0x08002868   0x0000002c   Code   RO         5218    i.SysTick_Handler   port.o
    0x08002894   0x00000080   Code   RO           15    i.SystemClock_Config  main.o
    0x08002914   0x00000054   Code   RO         4033    i.SystemInit        system_stm32f1xx.o
    0x08002968   0x0000000c   Code   RO          625    i.TIM1_UP_IRQHandler  stm32f1xx_it.o
    0x08002974   0x0000000c   Code   RO          626    i.TIM2_IRQHandler   stm32f1xx_it.o
    0x08002980   0x0000000c   Code   RO          627    i.TIM3_IRQHandler   stm32f1xx_it.o
    0x0800298c   0x0000000c   Code   RO          628    i.TIM4_IRQHandler   stm32f1xx_it.o
    0x08002998   0x0000007c   Code   RO         2868    i.TIM_Base_SetConfig  stm32f1xx_hal_tim.o
    0x08002a14   0x00000014   Code   RO         2879    i.TIM_ETR_SetConfig  stm32f1xx_hal_tim.o
    0x08002a28   0x00000010   Code   RO         2880    i.TIM_ITRx_SetConfig  stm32f1xx_hal_tim.o
    0x08002a38   0x00000022   Code   RO         2886    i.TIM_TI1_ConfigInputStage  stm32f1xx_hal_tim.o
    0x08002a5a   0x00000024   Code   RO         2888    i.TIM_TI2_ConfigInputStage  stm32f1xx_hal_tim.o
    0x08002a7e   0x00000010   Code   RO         3744    i.UART_DMAAbortOnError  stm32f1xx_hal_uart.o
    0x08002a8e   0x0000001c   Code   RO         3754    i.UART_EndRxTransfer  stm32f1xx_hal_uart.o
    0x08002aaa   0x00000096   Code   RO         3756    i.UART_Receive_IT   stm32f1xx_hal_uart.o
    0x08002b40   0x000000b8   Code   RO         3757    i.UART_SetConfig    stm32f1xx_hal_uart.o
    0x08002bf8   0x00000062   Code   RO         3758    i.UART_Transmit_IT  stm32f1xx_hal_uart.o
    0x08002c5a   0x00000002   PAD
    0x08002c5c   0x0000000c   Code   RO          629    i.USART1_IRQHandler  stm32f1xx_it.o
    0x08002c68   0x00000002   Code   RO          630    i.UsageFault_Handler  stm32f1xx_it.o
    0x08002c6a   0x0000000c   Code   RO          260    i.WalkSpeedControlTask  freertos.o
    0x08002c76   0x00000020   Code   RO         1605    i.__NVIC_SetPriority  stm32f1xx_hal_cortex.o
    0x08002c96   0x0000003a   Code   RO           16    i.main              main.o
    0x08002cd0   0x0000000c   Code   RO         4789    i.makeFreeRtosPriority  cmsis_os.o
    0x08002cdc   0x0000000e   Code   RO         4791    i.osDelay           cmsis_os.o
    0x08002cea   0x0000000a   Code   RO         4794    i.osKernelStart     cmsis_os.o
    0x08002cf4   0x0000002e   Code   RO         4828    i.osThreadCreate    cmsis_os.o
    0x08002d22   0x00000002   PAD
    0x08002d24   0x00000070   Code   RO         4492    i.prvAddCurrentTaskToDelayedList  tasks.o
    0x08002d94   0x000000d0   Code   RO         4493    i.prvAddNewTaskToReadyList  tasks.o
    0x08002e64   0x00000014   Code   RO         4494    i.prvDeleteTCB      tasks.o
    0x08002e78   0x0000004c   Code   RO         5156    i.prvHeapInit       heap_4.o
    0x08002ec4   0x00000060   Code   RO         4495    i.prvIdleTask       tasks.o
    0x08002f24   0x0000008e   Code   RO         4496    i.prvInitialiseNewTask  tasks.o
    0x08002fb2   0x00000002   PAD
    0x08002fb4   0x0000004c   Code   RO         5157    i.prvInsertBlockIntoFreeList  heap_4.o
    0x08003000   0x00000020   Code   RO         4497    i.prvResetNextTaskUnblockTime  tasks.o
    0x08003020   0x00000028   Code   RO         5219    i.prvTaskExitError  port.o
    0x08003048   0x000000d8   Code   RO         5158    i.pvPortMalloc      heap_4.o
    0x08003120   0x00000024   Code   RO         5220    i.pxPortInitialiseStack  port.o
    0x08003144   0x00000026   Code   RO         4165    i.uxListRemove      list.o
    0x0800316a   0x00000016   Code   RO         4166    i.vListInitialise   list.o
    0x08003180   0x00000006   Code   RO         4167    i.vListInitialiseItem  list.o
    0x08003186   0x00000030   Code   RO         4168    i.vListInsert       list.o
    0x080031b6   0x00000018   Code   RO         4169    i.vListInsertEnd    list.o
    0x080031ce   0x00000002   PAD
    0x080031d0   0x00000040   Code   RO         5222    i.vPortEnterCritical  port.o
    0x08003210   0x00000028   Code   RO         5223    i.vPortExitCritical  port.o
    0x08003238   0x0000005c   Code   RO         5159    i.vPortFree         heap_4.o
    0x08003294   0x00000024   Code   RO         5224    i.vPortSetupTimerInterrupt  port.o
    0x080032b8   0x0000004c   Code   RO         4505    i.vTaskDelay        tasks.o
    0x08003304   0x00000068   Code   RO         4518    i.vTaskStartScheduler  tasks.o
    0x0800336c   0x00000010   Code   RO         4520    i.vTaskSuspendAll   tasks.o
    0x0800337c   0x0000005c   Code   RO         4521    i.vTaskSwitchContext  tasks.o
    0x080033d8   0x000000a8   Code   RO         5226    i.xPortStartScheduler  port.o
    0x08003480   0x00000056   Code   RO         4523    i.xTaskCreate       tasks.o
    0x080034d6   0x00000002   PAD
    0x080034d8   0x000000c8   Code   RO         4530    i.xTaskIncrementTick  tasks.o
    0x080035a0   0x000000c4   Code   RO         4536    i.xTaskResumeAll    tasks.o
    0x08003664   0x000000b4   Data   RO          261    .constdata          freertos.o
    0x08003718   0x00000010   Data   RO         4034    .constdata          system_stm32f1xx.o
    0x08003728   0x00000008   Data   RO         4035    .constdata          system_stm32f1xx.o
    0x08003730   0x00000081   Data   RO          262    .conststring        freertos.o
    0x080037b1   0x00000003   PAD
    0x080037b4   0x00000020   Data   RO         5477    Region$$Table       anon$$obj.o


    Execution Region RW_IRAM1 (Base: 0x20000000, Size: 0x00002a20, Max: 0x00010000, ABSOLUTE)

    Base Addr    Size         Type   Attr      Idx    E Section Name        Object

    0x20000000   0x00000024   Data   RW          263    .data               freertos.o
    0x20000024   0x0000000c   Data   RW         1118    .data               stm32f1xx_hal.o
    0x20000030   0x00000004   Data   RW         4036    .data               system_stm32f1xx.o
    0x20000034   0x0000003c   Data   RW         4539    .data               tasks.o
    0x20000070   0x00000018   Data   RW         5164    .data               heap_4.o
    0x20000088   0x0000000c   Data   RW         5227    .data               port.o
    0x20000094   0x00000074   Zero   RW          345    .bss                adc.o
    0x20000108   0x00000028   Zero   RW          387    .bss                can.o
    0x20000130   0x00000054   Zero   RW          453    .bss                i2c.o
    0x20000184   0x0000000c   Zero   RW          493    .bss                iwdg.o
    0x20000190   0x000000c0   Zero   RW          527    .bss                tim.o
    0x20000250   0x00000040   Zero   RW          579    .bss                usart.o
    0x20000290   0x00000040   Zero   RW          745    .bss                stm32f1xx_hal_timebase_tim.o
    0x200002d0   0x000000f0   Zero   RW         4538    .bss                tasks.o
    0x200003c0   0x00002000   Zero   RW         5163    .bss                heap_4.o
    0x200023c0   0x00000060   Zero   RW         5351    .bss                c_w.l(libspace.o)
    0x20002420   0x00000200   Zero   RW            2    HEAP                startup_stm32f107xc.o
    0x20002620   0x00000400   Zero   RW            1    STACK               startup_stm32f107xc.o


==============================================================================

Image component sizes


      Code (inc. data)   RO Data    RW Data    ZI Data      Debug   Object Name

       392         34          0          0        116       1843   adc.o
       196         22          0          0         40       1601   can.o
        82          0          0          0          0      12581   cmsis_os.o
        44          4          0          0          0        726   dma.o
         0          0          0          0          0       9532   event_groups.o
       348         18        309         36          0       6131   freertos.o
       320         26          0          0          0       1031   gpio.o
       460         24          0         24       8192       7203   heap_4.o
       156         26          0          0         84       1573   i2c.o
        44          8          0          0         12        679   iwdg.o
       138          0          0          0          0       3366   list.o
       208         10          0          0          0     688864   main.o
       578         60          0         12          0      10292   port.o
        64         26        336          0       1536        808   startup_stm32f107xc.o
        64         14          0         12          0       5686   stm32f1xx_hal.o
       612         24          0          0          0       3276   stm32f1xx_hal_adc.o
       816          0          0          0          0       9567   stm32f1xx_hal_can.o
       158         14          0          0          0      28158   stm32f1xx_hal_cortex.o
      1012         52          0          0          0       2835   stm32f1xx_hal_dma.o
       504         34          0          0          0       3473   stm32f1xx_hal_gpio.o
       372         16          0          0          0       2911   stm32f1xx_hal_i2c.o
        94          0          0          0          0       1691   stm32f1xx_hal_iwdg.o
        72         10          0          0          0        834   stm32f1xx_hal_msp.o
      1620        124          0          0          0       6069   stm32f1xx_hal_rcc.o
       392         18          0          0          0       1544   stm32f1xx_hal_rcc_ex.o
       898         18          0          0          0       9501   stm32f1xx_hal_tim.o
        70          0          0          0          0       2333   stm32f1xx_hal_tim_ex.o
       116         18          0          0         64       1383   stm32f1xx_hal_timebase_tim.o
       852         12          0          0          0       7023   stm32f1xx_hal_uart.o
        96         42          0          0          0       5473   stm32f1xx_it.o
        84         16         24          4          0       1151   system_stm32f1xx.o
      1380        110          0         60        240      14470   tasks.o
       444         38          0          0        192       2928   tim.o
       184         22          0          0         64       1626   usart.o

    ----------------------------------------------------------------------
     12892        840        704        148      10540     858162   Object Totals
         0          0         32          0          0          0   (incl. Generated)
        22          0          3          0          0          0   (incl. Padding)

    ----------------------------------------------------------------------

      Code (inc. data)   RO Data    RW Data    ZI Data      Debug   Library Member Name

         8          0          0          0          0         68   __main.o
         0          0          0          0          0          0   __rtentry.o
        12          0          0          0          0          0   __rtentry2.o
         6          0          0          0          0          0   __rtentry4.o
        52          8          0          0          0          0   __scatter.o
        26          0          0          0          0          0   __scatter_copy.o
        28          0          0          0          0          0   __scatter_zi.o
        18          0          0          0          0         80   exit.o
         6          0          0          0          0        152   heapauxi.o
         0          0          0          0          0          0   indicate_semi.o
         2          0          0          0          0          0   libinit.o
         2          0          0          0          0          0   libinit2.o
         2          0          0          0          0          0   libshutdown.o
         2          0          0          0          0          0   libshutdown2.o
         8          4          0          0         96         68   libspace.o
       238          0          0          0          0        100   lludivv7m.o
        78          0          0          0          0         80   rt_memclr_w.o
       100          0          0          0          0         80   rt_memcpy_w.o
         2          0          0          0          0          0   rtexit.o
        10          0          0          0          0          0   rtexit2.o
        12          4          0          0          0         68   sys_exit.o
        74          0          0          0          0         80   sys_stackheap_outer.o
         2          0          0          0          0         68   use_no_semi.o

    ----------------------------------------------------------------------
       696         16          0          0         96        844   Library Totals
         8          0          0          0          0          0   (incl. Padding)

    ----------------------------------------------------------------------

      Code (inc. data)   RO Data    RW Data    ZI Data      Debug   Library Name

       688         16          0          0         96        844   c_w.l

    ----------------------------------------------------------------------
       696         16          0          0         96        844   Library Totals

    ----------------------------------------------------------------------

==============================================================================


      Code (inc. data)   RO Data    RW Data    ZI Data      Debug   

     13588        856        704        148      10636     851306   Grand Totals
     13588        856        704        148      10636     851306   ELF Image Totals
     13588        856        704        148          0          0   ROM Totals

==============================================================================

    Total RO  Size (Code + RO Data)                14292 (  13.96kB)
    Total RW  Size (RW Data + ZI Data)             10784 (  10.53kB)
    Total ROM Size (Code + RO Data + RW Data)      14440 (  14.10kB)

==============================================================================

